<html>
<body>
<pre>
<h1>礦ision Build Log</h1>
<h2>Tool Versions:</h2>
IDE-Version: μVision V5.17.0.0
Copyright (C) 2015 ARM Ltd and ARM Germany GmbH. All rights reserved.
License Information: bill lena, lenacopy, LIC=9N0Z9-4MN8J-YB0E9-4SYYT-9LM26-X7CQP
 
Tool Versions:
Toolchain:       MDK-ARM Professional  Version: 5.17
Toolchain Path:  C:\Keil_v5\ARM\ARMCC\Bin
C Compiler:      Armcc.exe V5.06 update 1 (build 61)
Assembler:       Armasm.exe V5.06 update 1 (build 61)
Linker/Locator:  ArmLink.exe V5.06 update 1 (build 61)
Library Manager: ArmAr.exe V5.06 update 1 (build 61)
Hex Converter:   FromElf.exe V5.06 update 1 (build 61)
CPU DLL:         SARMCM3.DLL V5.17
Dialog DLL:      DCM.DLL V1.13.4.0
Target DLL:      Segger\JL2CM3.dll V2.99.16.0
Dialog DLL:      TCM.DLL V1.14.6.0
 
<h2>Project:</h2>
F:\四轴飞行器\四轴飞行器DIY\copterinmb\copter\STM32_MPU9250_9AXIS\9AXIS\USER\9AXISProject.uvprojx
Project File Date:  04/13/2017

<h2>Output:</h2>
*** Using Compiler 'V5.06 update 1 (build 61)', folder: 'C:\Keil_v5\ARM\ARMCC\Bin'
Rebuild target '9AXISP'
compiling ins.c...
compiling ahrs.c...
compiling main.c...
compiling stm32f10x_it.c...
compiling system_stm32f10x.c...
compiling myiic.c...
compiling led.c...
compiling mpu92xx.c...
compiling spi.c...
..\HARDWARE\SPI\spi.c(79): warning:  #550-D: variable "status"  was set but never used
        uint8_t status;
..\HARDWARE\SPI\spi.c: 1 warning, 0 errors
compiling timer.c...
compiling delay.c...
compiling sys.c...
compiling usart.c...
compiling core_cm3.c...
assembling startup_stm32f10x_hd.s...
compiling misc.c...
compiling stm32f10x_gpio.c...
compiling stm32f10x_spi.c...
compiling stm32f10x_rcc.c...
compiling stm32f10x_usart.c...
compiling stm32f10x_tim.c...
linking...
Program Size: Code=12360 RO-data=576 RW-data=128 ZI-data=1520  
FromELF: creating hex file...
".\Objects\9AXISProject.axf" - 0 Error(s), 1 Warning(s).

<h2>Collection of Component include folders:</h2>
  F:\四轴飞行器\四轴飞行器DIY\copterinmb\copter\STM32_MPU9250_9AXIS\9AXIS\USER\RTE
  C:\Keil_v5\ARM\PACK\Keil\STM32F1xx_DFP\1.0.4\Device\Include

<h2>Collection of Component Files used:</h2>
Build Time Elapsed:  00:00:27
</pre>
</body>
</html>
