Component: ARM Compiler 5.06 update 1 (build 61) Tool: armlink [4d35e2]

==============================================================================

Section Cross References

    ins.o(i.INS_Update) refers to ahrs.o(i.QuaterionReturn) for QuaterionReturn
    ins.o(i.INS_Update) refers to ahrs.o(i.AcclerationReturn) for AcclerationReturn
    ins.o(i.INS_Update) refers to fmul.o(.text) for __aeabi_fmul
    ins.o(i.INS_Update) refers to fadd.o(.text) for __aeabi_fadd
    ins.o(i.INS_Update) refers to ins.o(.data) for Quat
    ins.o(i.INS_Update) refers to ins.o(.bss) for Rot_matrix
    ins.o(i.INS_Update) refers to f2d.o(.text) for __aeabi_f2d
    ins.o(i.INS_Update) refers to dadd.o(.text) for __aeabi_dadd
    ins.o(i.INS_Update) refers to ddiv.o(.text) for __aeabi_ddiv
    ins.o(i.INS_Update) refers to d2f.o(.text) for __aeabi_d2f
    ins.o(i.INS_Update) refers to cfcmple.o(.text) for __aeabi_cfcmple
    ahrs.o(i.AcclerationReturn) refers to ahrs.o(.data) for AX
    ahrs.o(i.IMU_AHRSupdate) refers to fmul.o(.text) for __aeabi_fmul
    ahrs.o(i.IMU_AHRSupdate) refers to fadd.o(.text) for __aeabi_fadd
    ahrs.o(i.IMU_AHRSupdate) refers to ahrs.o(i.invSqrt) for invSqrt
    ahrs.o(i.IMU_AHRSupdate) refers to f2d.o(.text) for __aeabi_f2d
    ahrs.o(i.IMU_AHRSupdate) refers to sqrt.o(i.sqrt) for sqrt
    ahrs.o(i.IMU_AHRSupdate) refers to d2f.o(.text) for __aeabi_d2f
    ahrs.o(i.IMU_AHRSupdate) refers to ahrs.o(.data) for q0
    ahrs.o(i.IMU_AHRSupdate) refers to cfcmple.o(.text) for __aeabi_cfcmpeq
    ahrs.o(i.IMU_getQ) refers to mpu92xx.o(i.MPU9250_DataSolve) for MPU9250_DataSolve
    ahrs.o(i.IMU_getQ) refers to ahrs.o(i.IMU_AHRSupdate) for IMU_AHRSupdate
    ahrs.o(i.IMU_getQ) refers to ahrs.o(.data) for MZ
    ahrs.o(i.IMU_getYawPitchRoll) refers to ahrs.o(i.IMU_getQ) for IMU_getQ
    ahrs.o(i.IMU_getYawPitchRoll) refers to fmul.o(.text) for __aeabi_fmul
    ahrs.o(i.IMU_getYawPitchRoll) refers to fadd.o(.text) for __aeabi_fsub
    ahrs.o(i.IMU_getYawPitchRoll) refers to f2d.o(.text) for __aeabi_f2d
    ahrs.o(i.IMU_getYawPitchRoll) refers to atan2.o(i.atan2) for atan2
    ahrs.o(i.IMU_getYawPitchRoll) refers to dmul.o(.text) for __aeabi_dmul
    ahrs.o(i.IMU_getYawPitchRoll) refers to d2f.o(.text) for __aeabi_d2f
    ahrs.o(i.IMU_getYawPitchRoll) refers to asin.o(i.asin) for asin
    ahrs.o(i.IMU_getYawPitchRoll) refers to ahrs.o(.bss) for q
    ahrs.o(i.QuaterionReturn) refers to ahrs.o(.bss) for q
    ahrs.o(i.invSqrt) refers to fmul.o(.text) for __aeabi_fmul
    ahrs.o(i.invSqrt) refers to fadd.o(.text) for __aeabi_frsub
    main.o(i.main) refers to misc.o(i.NVIC_PriorityGroupConfig) for NVIC_PriorityGroupConfig
    main.o(i.main) refers to stm32f10x_rcc.o(i.RCC_APB2PeriphClockCmd) for RCC_APB2PeriphClockCmd
    main.o(i.main) refers to stm32f10x_gpio.o(i.GPIO_PinRemapConfig) for GPIO_PinRemapConfig
    main.o(i.main) refers to delay.o(i.delay_init) for delay_init
    main.o(i.main) refers to delay.o(i.delay_ms) for delay_ms
    main.o(i.main) refers to led.o(i.LED_Init) for LED_Init
    main.o(i.main) refers to spi.o(i.SPI1_Init) for SPI1_Init
    main.o(i.main) refers to mpu92xx.o(i.MPU9250_Init) for MPU9250_Init
    main.o(i.main) refers to timer.o(i.SYS_Timer2_Configuration) for SYS_Timer2_Configuration
    main.o(i.main) refers to led.o(i.LED0_ON) for LED0_ON
    main.o(i.main) refers to ahrs.o(i.IMU_getYawPitchRoll) for IMU_getYawPitchRoll
    main.o(i.main) refers to ins.o(i.INS_Update) for INS_Update
    main.o(i.main) refers to main.o(.data) for system_tim_flag
    main.o(i.main) refers to ahrs.o(.bss) for angle
    main.o(i.main) refers to mpu92xx.o(.data) for MPU92XXMAGCALFLAG
    system_stm32f10x.o(i.SetSysClock) refers to system_stm32f10x.o(i.SetSysClockTo72) for SetSysClockTo72
    system_stm32f10x.o(i.SystemCoreClockUpdate) refers to system_stm32f10x.o(.data) for SystemCoreClock
    system_stm32f10x.o(i.SystemInit) refers to system_stm32f10x.o(i.SetSysClock) for SetSysClock
    myiic.o(i.IIC_Ack) refers to delay.o(i.delay_us) for delay_us
    myiic.o(i.IIC_Init) refers to stm32f10x_rcc.o(i.RCC_APB2PeriphClockCmd) for RCC_APB2PeriphClockCmd
    myiic.o(i.IIC_Init) refers to stm32f10x_gpio.o(i.GPIO_Init) for GPIO_Init
    myiic.o(i.IIC_NAck) refers to delay.o(i.delay_us) for delay_us
    myiic.o(i.IIC_ReadOneByte) refers to myiic.o(i.IIC_Start) for IIC_Start
    myiic.o(i.IIC_ReadOneByte) refers to myiic.o(i.IIC_Send_Byte) for IIC_Send_Byte
    myiic.o(i.IIC_ReadOneByte) refers to myiic.o(i.IIC_Wait_Ack) for IIC_Wait_Ack
    myiic.o(i.IIC_ReadOneByte) refers to myiic.o(i.IIC_Read_Byte) for IIC_Read_Byte
    myiic.o(i.IIC_ReadOneByte) refers to myiic.o(i.IIC_Stop) for IIC_Stop
    myiic.o(i.IIC_Read_Byte) refers to delay.o(i.delay_us) for delay_us
    myiic.o(i.IIC_Read_Byte) refers to myiic.o(i.IIC_NAck) for IIC_NAck
    myiic.o(i.IIC_Read_Byte) refers to myiic.o(i.IIC_Ack) for IIC_Ack
    myiic.o(i.IIC_ReadmultiyBytes) refers to myiic.o(i.IIC_Start) for IIC_Start
[...]
    mpu92xx.o(i.MPU9250_DataSolve) refers to fflti.o(.text) for __aeabi_i2f
    mpu92xx.o(i.MPU9250_DataSolve) refers to fdiv.o(.text) for __aeabi_fdiv
    mpu92xx.o(i.MPU9250_DataSolve) refers to mpu92xx.o(.data) for MPU92XXDATACALFLAG
    mpu92xx.o(i.MPU9250_DataSolve) refers to mpu92xx.o(.bss) for tempbuf
    mpu92xx.o(i.MPU9250_Init) refers to spi.o(i.SPI1_ReadOneByte) for SPI1_ReadOneByte
    mpu92xx.o(i.MPU9250_Init) refers to spi.o(i.SPI1_WriteOneByte) for SPI1_WriteOneByte
    mpu92xx.o(i.MPU9250_Init) refers to delay.o(i.delay_ms) for delay_ms
    mpu92xx.o(i.MPU9250_Init) refers to mpu92xx.o(i.Init_AK8963) for Init_AK8963
    mpu92xx.o(i.MPU9250_ReadValue) refers to memseta.o(.text) for __aeabi_memclr4
    mpu92xx.o(i.MPU9250_ReadValue) refers to spi.o(i.SPI1_ReadmultiyBytes) for SPI1_ReadmultiyBytes
    mpu92xx.o(i.MPU9250_ReadValue) refers to mpu92xx.o(.bss) for Mpu92xxCalData
    mpu92xx.o(i.MPU9250_ReadValue) refers to mpu92xx.o(.data) for MPU9250_AK8963_ASA
    spi.o(i.SPI1_Init) refers to stm32f10x_rcc.o(i.RCC_APB2PeriphClockCmd) for RCC_APB2PeriphClockCmd
    spi.o(i.SPI1_Init) refers to stm32f10x_gpio.o(i.GPIO_Init) for GPIO_Init
    spi.o(i.SPI1_Init) refers to stm32f10x_gpio.o(i.GPIO_SetBits) for GPIO_SetBits
    spi.o(i.SPI1_Init) refers to stm32f10x_spi.o(i.SPI_Init) for SPI_Init
    spi.o(i.SPI1_Init) refers to stm32f10x_spi.o(i.SPI_Cmd) for SPI_Cmd
    spi.o(i.SPI1_Init) refers to spi.o(i.SPI1_ReadWriteByte) for SPI1_ReadWriteByte
    spi.o(i.SPI1_Init) refers to spi.o(.bss) for SPI_InitStructure
    spi.o(i.SPI1_ReadOneByte) refers to spi.o(i.SPI1_ReadWriteByte) for SPI1_ReadWriteByte
    spi.o(i.SPI1_ReadWriteByte) refers to stm32f10x_spi.o(i.SPI_I2S_GetFlagStatus) for SPI_I2S_GetFlagStatus
    spi.o(i.SPI1_ReadWriteByte) refers to stm32f10x_spi.o(i.SPI_I2S_SendData) for SPI_I2S_SendData
    spi.o(i.SPI1_ReadWriteByte) refers to stm32f10x_spi.o(i.SPI_I2S_ReceiveData) for SPI_I2S_ReceiveData
    spi.o(i.SPI1_ReadmultiyBytes) refers to spi.o(i.SPI1_ReadWriteByte) for SPI1_ReadWriteByte
    spi.o(i.SPI1_WriteOneByte) refers to spi.o(i.SPI1_ReadWriteByte) for SPI1_ReadWriteByte
    spi.o(i.SPI2_Init) refers to stm32f10x_rcc.o(i.RCC_APB2PeriphClockCmd) for RCC_APB2PeriphClockCmd
    spi.o(i.SPI2_Init) refers to stm32f10x_rcc.o(i.RCC_APB1PeriphClockCmd) for RCC_APB1PeriphClockCmd
    spi.o(i.SPI2_Init) refers to stm32f10x_gpio.o(i.GPIO_Init) for GPIO_Init
    spi.o(i.SPI2_Init) refers to stm32f10x_gpio.o(i.GPIO_SetBits) for GPIO_SetBits
    spi.o(i.SPI2_Init) refers to stm32f10x_spi.o(i.SPI_Init) for SPI_Init
    spi.o(i.SPI2_Init) refers to stm32f10x_spi.o(i.SPI_Cmd) for SPI_Cmd
    spi.o(i.SPI2_Init) refers to spi.o(i.SPI2_ReadWriteByte) for SPI2_ReadWriteByte
    spi.o(i.SPI2_ReadWriteByte) refers to stm32f10x_spi.o(i.SPI_I2S_GetFlagStatus) for SPI_I2S_GetFlagStatus
    spi.o(i.SPI2_ReadWriteByte) refers to stm32f10x_spi.o(i.SPI_I2S_SendData) for SPI_I2S_SendData
    spi.o(i.SPI2_ReadWriteByte) refers to stm32f10x_spi.o(i.SPI_I2S_ReceiveData) for SPI_I2S_ReceiveData
    timer.o(i.SYS_Timer2_Configuration) refers to stm32f10x_rcc.o(i.RCC_APB1PeriphClockCmd) for RCC_APB1PeriphClockCmd
    timer.o(i.SYS_Timer2_Configuration) refers to stm32f10x_tim.o(i.TIM_TimeBaseInit) for TIM_TimeBaseInit
    timer.o(i.SYS_Timer2_Configuration) refers to misc.o(i.NVIC_Init) for NVIC_Init
    timer.o(i.SYS_Timer2_Configuration) refers to stm32f10x_tim.o(i.TIM_ClearITPendingBit) for TIM_ClearITPendingBit
    timer.o(i.SYS_Timer2_Configuration) refers to stm32f10x_tim.o(i.TIM_ITConfig) for TIM_ITConfig
    timer.o(i.SYS_Timer2_Configuration) refers to stm32f10x_tim.o(i.TIM_Cmd) for TIM_Cmd
    timer.o(i.TIM2_IRQHandler) refers to stm32f10x_tim.o(i.TIM_GetITStatus) for TIM_GetITStatus
    timer.o(i.TIM2_IRQHandler) refers to stm32f10x_tim.o(i.TIM_ClearFlag) for TIM_ClearFlag
    timer.o(i.TIM2_IRQHandler) refers to main.o(.data) for system_tim_flag
    delay.o(i.delay_init) refers to misc.o(i.SysTick_CLKSourceConfig) for SysTick_CLKSourceConfig
    delay.o(i.delay_init) refers to system_stm32f10x.o(.data) for SystemCoreClock
    delay.o(i.delay_init) refers to delay.o(.data) for fac_us
    delay.o(i.delay_ms) refers to delay.o(.data) for fac_ms
    delay.o(i.delay_us) refers to delay.o(.data) for fac_us
    sys.o(i.NVIC_Configuration) refers to misc.o(i.NVIC_PriorityGroupConfig) for NVIC_PriorityGroupConfig
    usart.o(i.uart_init) refers to stm32f10x_rcc.o(i.RCC_APB2PeriphClockCmd) for RCC_APB2PeriphClockCmd
    usart.o(i.uart_init) refers to stm32f10x_rcc.o(i.RCC_APB1PeriphClockCmd) for RCC_APB1PeriphClockCmd
    usart.o(i.uart_init) refers to stm32f10x_usart.o(i.USART_DeInit) for USART_DeInit
    usart.o(i.uart_init) refers to stm32f10x_gpio.o(i.GPIO_Init) for GPIO_Init
    usart.o(i.uart_init) refers to misc.o(i.NVIC_Init) for NVIC_Init
    usart.o(i.uart_init) refers to stm32f10x_usart.o(i.USART_Init) for USART_Init
    usart.o(i.uart_init) refers to stm32f10x_usart.o(i.USART_ITConfig) for USART_ITConfig
    usart.o(i.uart_init) refers to stm32f10x_usart.o(i.USART_Cmd) for USART_Cmd
    startup_stm32f10x_hd.o(RESET) refers to startup_stm32f10x_hd.o(STACK) for __initial_sp
    startup_stm32f10x_hd.o(RESET) refers to startup_stm32f10x_hd.o(.text) for Reset_Handler
    startup_stm32f10x_hd.o(RESET) refers to stm32f10x_it.o(i.NMI_Handler) for NMI_Handler
    startup_stm32f10x_hd.o(RESET) refers to stm32f10x_it.o(i.HardFault_Handler) for HardFault_Handler
    startup_stm32f10x_hd.o(RESET) refers to stm32f10x_it.o(i.MemManage_Handler) for MemManage_Handler
    startup_stm32f10x_hd.o(RESET) refers to stm32f10x_it.o(i.BusFault_Handler) for BusFault_Handler
    startup_stm32f10x_hd.o(RESET) refers to stm32f10x_it.o(i.UsageFault_Handler) for UsageFault_Handler
    startup_stm32f10x_hd.o(RESET) refers to stm32f10x_it.o(i.SVC_Handler) for SVC_Handler
    startup_stm32f10x_hd.o(RESET) refers to stm32f10x_it.o(i.DebugMon_Handler) for DebugMon_Handler
    startup_stm32f10x_hd.o(RESET) refers to stm32f10x_it.o(i.PendSV_Handler) for PendSV_Handler
    startup_stm32f10x_hd.o(RESET) refers to stm32f10x_it.o(i.SysTick_Handler) for SysTick_Handler
    startup_stm32f10x_hd.o(RESET) refers to timer.o(i.TIM2_IRQHandler) for TIM2_IRQHandler
    startup_stm32f10x_hd.o(.text) refers to system_stm32f10x.o(i.SystemInit) for SystemInit
    startup_stm32f10x_hd.o(.text) refers to entry.o(.ARM.Collect$$$$00000000) for __main
    stm32f10x_gpio.o(i.GPIO_AFIODeInit) refers to stm32f10x_rcc.o(i.RCC_APB2PeriphResetCmd) for RCC_APB2PeriphResetCmd
    stm32f10x_gpio.o(i.GPIO_DeInit) refers to stm32f10x_rcc.o(i.RCC_APB2PeriphResetCmd) for RCC_APB2PeriphResetCmd
    stm32f10x_spi.o(i.I2S_Init) refers to stm32f10x_rcc.o(i.RCC_GetClocksFreq) for RCC_GetClocksFreq
    stm32f10x_spi.o(i.SPI_I2S_DeInit) refers to stm32f10x_rcc.o(i.RCC_APB2PeriphResetCmd) for RCC_APB2PeriphResetCmd
    stm32f10x_spi.o(i.SPI_I2S_DeInit) refers to stm32f10x_rcc.o(i.RCC_APB1PeriphResetCmd) for RCC_APB1PeriphResetCmd
    stm32f10x_rcc.o(i.RCC_GetClocksFreq) refers to stm32f10x_rcc.o(.data) for APBAHBPrescTable
    stm32f10x_rcc.o(i.RCC_WaitForHSEStartUp) refers to stm32f10x_rcc.o(i.RCC_GetFlagStatus) for RCC_GetFlagStatus
    stm32f10x_usart.o(i.USART_DeInit) refers to stm32f10x_rcc.o(i.RCC_APB2PeriphResetCmd) for RCC_APB2PeriphResetCmd
    stm32f10x_usart.o(i.USART_DeInit) refers to stm32f10x_rcc.o(i.RCC_APB1PeriphResetCmd) for RCC_APB1PeriphResetCmd
    stm32f10x_usart.o(i.USART_Init) refers to stm32f10x_rcc.o(i.RCC_GetClocksFreq) for RCC_GetClocksFreq
    stm32f10x_tim.o(i.TIM_DeInit) refers to stm32f10x_rcc.o(i.RCC_APB2PeriphResetCmd) for RCC_APB2PeriphResetCmd
    stm32f10x_tim.o(i.TIM_DeInit) refers to stm32f10x_rcc.o(i.RCC_APB1PeriphResetCmd) for RCC_APB1PeriphResetCmd
    stm32f10x_tim.o(i.TIM_ETRClockMode1Config) refers to stm32f10x_tim.o(i.TIM_ETRConfig) for TIM_ETRConfig
    stm32f10x_tim.o(i.TIM_ETRClockMode2Config) refers to stm32f10x_tim.o(i.TIM_ETRConfig) for TIM_ETRConfig
    stm32f10x_tim.o(i.TIM_ICInit) refers to stm32f10x_tim.o(i.TI1_Config) for TI1_Config
    stm32f10x_tim.o(i.TIM_ICInit) refers to stm32f10x_tim.o(i.TIM_SetIC1Prescaler) for TIM_SetIC1Prescaler
    stm32f10x_tim.o(i.TIM_ICInit) refers to stm32f10x_tim.o(i.TI2_Config) for TI2_Config
    stm32f10x_tim.o(i.TIM_ICInit) refers to stm32f10x_tim.o(i.TIM_SetIC2Prescaler) for TIM_SetIC2Prescaler
    stm32f10x_tim.o(i.TIM_ICInit) refers to stm32f10x_tim.o(i.TI3_Config) for TI3_Config
    stm32f10x_tim.o(i.TIM_ICInit) refers to stm32f10x_tim.o(i.TIM_SetIC3Prescaler) for TIM_SetIC3Prescaler
    stm32f10x_tim.o(i.TIM_ICInit) refers to stm32f10x_tim.o(i.TI4_Config) for TI4_Config
    stm32f10x_tim.o(i.TIM_ICInit) refers to stm32f10x_tim.o(i.TIM_SetIC4Prescaler) for TIM_SetIC4Prescaler
    stm32f10x_tim.o(i.TIM_ITRxExternalClockConfig) refers to stm32f10x_tim.o(i.TIM_SelectInputTrigger) for TIM_SelectInputTrigger
    stm32f10x_tim.o(i.TIM_PWMIConfig) refers to stm32f10x_tim.o(i.TI1_Config) for TI1_Config
    stm32f10x_tim.o(i.TIM_PWMIConfig) refers to stm32f10x_tim.o(i.TIM_SetIC1Prescaler) for TIM_SetIC1Prescaler
    stm32f10x_tim.o(i.TIM_PWMIConfig) refers to stm32f10x_tim.o(i.TI2_Config) for TI2_Config
    stm32f10x_tim.o(i.TIM_PWMIConfig) refers to stm32f10x_tim.o(i.TIM_SetIC2Prescaler) for TIM_SetIC2Prescaler
    stm32f10x_tim.o(i.TIM_TIxExternalClockConfig) refers to stm32f10x_tim.o(i.TI2_Config) for TI2_Config
    stm32f10x_tim.o(i.TIM_TIxExternalClockConfig) refers to stm32f10x_tim.o(i.TI1_Config) for TI1_Config
    stm32f10x_tim.o(i.TIM_TIxExternalClockConfig) refers to stm32f10x_tim.o(i.TIM_SelectInputTrigger) for TIM_SelectInputTrigger
    asin.o(i.__softfp_asin) refers (Special) to iusefp.o(.text) for __I$use$fp
    asin.o(i.__softfp_asin) refers to asin.o(i.asin) for asin
    asin.o(i.asin) refers (Special) to iusefp.o(.text) for __I$use$fp
    asin.o(i.asin) refers to dunder.o(i.__mathlib_dbl_infnan) for __mathlib_dbl_infnan
    asin.o(i.asin) refers to dmul.o(.text) for __aeabi_dmul
    asin.o(i.asin) refers to dadd.o(.text) for __aeabi_dadd
    asin.o(i.asin) refers to errno.o(i.__set_errno) for __set_errno
    asin.o(i.asin) refers to dunder.o(i.__mathlib_dbl_invalid) for __mathlib_dbl_invalid
    asin.o(i.asin) refers to fpclassify.o(i.__ARM_fpclassify) for __ARM_fpclassify
    asin.o(i.asin) refers to dunder.o(i.__mathlib_dbl_underflow) for __mathlib_dbl_underflow
    asin.o(i.asin) refers to poly.o(i.__kernel_poly) for __kernel_poly
    asin.o(i.asin) refers to ddiv.o(.text) for __aeabi_ddiv
    asin.o(i.asin) refers to dscalb.o(.text) for __ARM_scalbn
    asin.o(i.asin) refers to sqrt.o(i.sqrt) for sqrt
    asin.o(i.asin) refers to asin.o(.constdata) for .constdata
    asin.o(.constdata) refers (Special) to iusefp.o(.text) for __I$use$fp
    asin_x.o(i.____softfp_asin$lsc) refers (Special) to iusefp.o(.text) for __I$use$fp
    asin_x.o(i.____softfp_asin$lsc) refers to asin_x.o(i.__asin$lsc) for __asin$lsc
    asin_x.o(i.__asin$lsc) refers (Special) to iusefp.o(.text) for __I$use$fp
    asin_x.o(i.__asin$lsc) refers to dunder.o(i.__mathlib_dbl_infnan) for __mathlib_dbl_infnan
    asin_x.o(i.__asin$lsc) refers to dmul.o(.text) for __aeabi_dmul
    asin_x.o(i.__asin$lsc) refers to dadd.o(.text) for __aeabi_dadd
    asin_x.o(i.__asin$lsc) refers to errno.o(i.__set_errno) for __set_errno
    asin_x.o(i.__asin$lsc) refers to poly.o(i.__kernel_poly) for __kernel_poly
    asin_x.o(i.__asin$lsc) refers to ddiv.o(.text) for __aeabi_ddiv
    asin_x.o(i.__asin$lsc) refers to dscalb.o(.text) for __ARM_scalbn
    asin_x.o(i.__asin$lsc) refers to sqrt.o(i.sqrt) for sqrt
    asin_x.o(i.__asin$lsc) refers to asin_x.o(.constdata) for .constdata
    asin_x.o(.constdata) refers (Special) to iusefp.o(.text) for __I$use$fp
    atan2.o(i.__softfp_atan2) refers (Special) to iusefp.o(.text) for __I$use$fp
    atan2.o(i.__softfp_atan2) refers to atan2.o(i.atan2) for atan2
    atan2.o(i.atan2) refers (Special) to iusefp.o(.text) for __I$use$fp
    atan2.o(i.atan2) refers to dunder.o(i.__mathlib_dbl_infnan2) for __mathlib_dbl_infnan2
    atan2.o(i.atan2) refers to atan.o(i.atan) for atan
    atan2.o(i.atan2) refers to ddiv.o(.text) for __aeabi_ddiv
    atan2.o(i.atan2) refers to dadd.o(.text) for __aeabi_dsub
    atan2.o(i.atan2) refers to qnan.o(.constdata) for __mathlib_zero
    atan2_x.o(i.____softfp_atan2$lsc) refers (Special) to iusefp.o(.text) for __I$use$fp
    atan2_x.o(i.____softfp_atan2$lsc) refers to atan2_x.o(i.__atan2$lsc) for __atan2$lsc
    atan2_x.o(i.__atan2$lsc) refers (Special) to iusefp.o(.text) for __I$use$fp
    atan2_x.o(i.__atan2$lsc) refers to dunder.o(i.__mathlib_dbl_infnan2) for __mathlib_dbl_infnan2
    atan2_x.o(i.__atan2$lsc) refers to atan.o(i.atan) for atan
    atan2_x.o(i.__atan2$lsc) refers to errno.o(i.__set_errno) for __set_errno
    atan2_x.o(i.__atan2$lsc) refers to ddiv.o(.text) for __aeabi_ddiv
    atan2_x.o(i.__atan2$lsc) refers to dadd.o(.text) for __aeabi_dsub
    atan2_x.o(i.__atan2$lsc) refers to qnan.o(.constdata) for __mathlib_zero
    sqrt.o(i.__softfp_sqrt) refers (Special) to iusefp.o(.text) for __I$use$fp
    sqrt.o(i.__softfp_sqrt) refers to dsqrt.o(.text) for _dsqrt
    sqrt.o(i.__softfp_sqrt) refers to errno.o(i.__set_errno) for __set_errno
    sqrt.o(i.sqrt) refers (Special) to iusefp.o(.text) for __I$use$fp
    sqrt.o(i.sqrt) refers to dsqrt.o(.text) for _dsqrt
    sqrt.o(i.sqrt) refers to errno.o(i.__set_errno) for __set_errno
    sqrt_x.o(i.____softfp_sqrt$lsc) refers (Special) to iusefp.o(.text) for __I$use$fp
    sqrt_x.o(i.____softfp_sqrt$lsc) refers to cdcmple.o(.text) for __aeabi_cdcmple
    sqrt_x.o(i.____softfp_sqrt$lsc) refers to errno.o(i.__set_errno) for __set_errno
    sqrt_x.o(i.____softfp_sqrt$lsc) refers to dsqrt.o(.text) for _dsqrt
    sqrt_x.o(i.__sqrt$lsc) refers (Special) to iusefp.o(.text) for __I$use$fp
    sqrt_x.o(i.__sqrt$lsc) refers to cdcmple.o(.text) for __aeabi_cdcmple
    sqrt_x.o(i.__sqrt$lsc) refers to errno.o(i.__set_errno) for __set_errno
    sqrt_x.o(i.__sqrt$lsc) refers to dsqrt.o(.text) for _dsqrt
    entry.o(.ARM.Collect$$$$00000000) refers (Special) to entry10a.o(.ARM.Collect$$$$0000000D) for __rt_final_cpp
    entry.o(.ARM.Collect$$$$00000000) refers (Special) to entry11a.o(.ARM.Collect$$$$0000000F) for __rt_final_exit
    entry.o(.ARM.Collect$$$$00000000) refers (Special) to entry7b.o(.ARM.Collect$$$$00000008) for _main_clock
    entry.o(.ARM.Collect$$$$00000000) refers (Special) to entry8b.o(.ARM.Collect$$$$0000000A) for _main_cpp_init
    entry.o(.ARM.Collect$$$$00000000) refers (Special) to entry9a.o(.ARM.Collect$$$$0000000B) for _main_init
    entry.o(.ARM.Collect$$$$00000000) refers (Special) to entry5.o(.ARM.Collect$$$$00000004) for _main_scatterload
    entry.o(.ARM.Collect$$$$00000000) refers (Special) to entry2.o(.ARM.Collect$$$$00000001) for _main_stk
    fadd.o(.text) refers (Special) to iusefp.o(.text) for __I$use$fp
    fadd.o(.text) refers to fepilogue.o(.text) for _float_epilogue
    fmul.o(.text) refers (Special) to iusefp.o(.text) for __I$use$fp
    fdiv.o(.text) refers (Special) to iusefp.o(.text) for __I$use$fp
    fdiv.o(.text) refers to fepilogue.o(.text) for _float_round
    dadd.o(.text) refers (Special) to iusefp.o(.text) for __I$use$fp
    dadd.o(.text) refers to llshl.o(.text) for __aeabi_llsl
    dadd.o(.text) refers to llsshr.o(.text) for __aeabi_lasr
    dadd.o(.text) refers to depilogue.o(.text) for _double_epilogue
    dmul.o(.text) refers (Special) to iusefp.o(.text) for __I$use$fp
    dmul.o(.text) refers to depilogue.o(.text) for _double_epilogue
    ddiv.o(.text) refers (Special) to iusefp.o(.text) for __I$use$fp
    ddiv.o(.text) refers to depilogue.o(.text) for _double_round
    fflti.o(.text) refers (Special) to iusefp.o(.text) for __I$use$fp
    fflti.o(.text) refers to fepilogue.o(.text) for _float_epilogue
    f2d.o(.text) refers (Special) to iusefp.o(.text) for __I$use$fp
    d2f.o(.text) refers (Special) to iusefp.o(.text) for __I$use$fp
    d2f.o(.text) refers to fepilogue.o(.text) for _float_round
    cfcmple.o(.text) refers (Special) to iusefp.o(.text) for __I$use$fp
    atan.o(i.__softfp_atan) refers (Special) to iusefp.o(.text) for __I$use$fp
    atan.o(i.__softfp_atan) refers to atan.o(i.atan) for atan
    atan.o(i.atan) refers (Special) to iusefp.o(.text) for __I$use$fp
    atan.o(i.atan) refers to dunder.o(i.__mathlib_dbl_infnan) for __mathlib_dbl_infnan
    atan.o(i.atan) refers to fpclassify.o(i.__ARM_fpclassify) for __ARM_fpclassify
    atan.o(i.atan) refers to dunder.o(i.__mathlib_dbl_underflow) for __mathlib_dbl_underflow
    atan.o(i.atan) refers to dadd.o(.text) for __aeabi_dadd
    atan.o(i.atan) refers to dscalb.o(.text) for __ARM_scalbn
    atan.o(i.atan) refers to ddiv.o(.text) for __aeabi_ddiv
    atan.o(i.atan) refers to dmul.o(.text) for __aeabi_dmul
    atan.o(i.atan) refers to poly.o(i.__kernel_poly) for __kernel_poly
    atan.o(i.atan) refers to atan.o(.constdata) for .constdata
    atan.o(.constdata) refers (Special) to iusefp.o(.text) for __I$use$fp
    atan_x.o(i.____softfp_atan$lsc) refers (Special) to iusefp.o(.text) for __I$use$fp
    atan_x.o(i.____softfp_atan$lsc) refers to atan_x.o(i.__atan$lsc) for __atan$lsc
    atan_x.o(i.__atan$lsc) refers (Special) to iusefp.o(.text) for __I$use$fp
    atan_x.o(i.__atan$lsc) refers to dunder.o(i.__mathlib_dbl_infnan) for __mathlib_dbl_infnan
    atan_x.o(i.__atan$lsc) refers to dadd.o(.text) for __aeabi_dadd
    atan_x.o(i.__atan$lsc) refers to dscalb.o(.text) for __ARM_scalbn
    atan_x.o(i.__atan$lsc) refers to ddiv.o(.text) for __aeabi_ddiv
    atan_x.o(i.__atan$lsc) refers to dmul.o(.text) for __aeabi_dmul
    atan_x.o(i.__atan$lsc) refers to poly.o(i.__kernel_poly) for __kernel_poly
    atan_x.o(i.__atan$lsc) refers to atan_x.o(.constdata) for .constdata
    atan_x.o(.constdata) refers (Special) to iusefp.o(.text) for __I$use$fp
    dunder.o(i.__mathlib_dbl_divzero) refers to ddiv.o(.text) for __aeabi_ddiv
    dunder.o(i.__mathlib_dbl_infnan) refers to dscalb.o(.text) for __ARM_scalbn
    dunder.o(i.__mathlib_dbl_infnan2) refers to dadd.o(.text) for __aeabi_dadd
    dunder.o(i.__mathlib_dbl_invalid) refers to ddiv.o(.text) for __aeabi_ddiv
    dunder.o(i.__mathlib_dbl_overflow) refers to dscalb.o(.text) for __ARM_scalbn
    dunder.o(i.__mathlib_dbl_posinfnan) refers to dmul.o(.text) for __aeabi_dmul
    dunder.o(i.__mathlib_dbl_underflow) refers to dscalb.o(.text) for __ARM_scalbn
    fpclassify.o(i.__ARM_fpclassify) refers (Special) to iusefp.o(.text) for __I$use$fp
    poly.o(i.__kernel_poly) refers (Special) to iusefp.o(.text) for __I$use$fp
    poly.o(i.__kernel_poly) refers to dmul.o(.text) for __aeabi_dmul
    poly.o(i.__kernel_poly) refers to dadd.o(.text) for __aeabi_dadd
    qnan.o(.constdata) refers (Special) to iusefp.o(.text) for __I$use$fp
    entry2.o(.ARM.Collect$$$$00000001) refers to entry2.o(.ARM.Collect$$$$00002712) for __lit__00000000
    entry2.o(.ARM.Collect$$$$00002712) refers to startup_stm32f10x_hd.o(STACK) for __initial_sp
    entry2.o(__vectab_stack_and_reset_area) refers to startup_stm32f10x_hd.o(STACK) for __initial_sp
    entry2.o(__vectab_stack_and_reset_area) refers to entry.o(.ARM.Collect$$$$00000000) for __main
    entry5.o(.ARM.Collect$$$$00000004) refers to init.o(.text) for __scatterload
    entry9a.o(.ARM.Collect$$$$0000000B) refers to main.o(i.main) for main
    entry9b.o(.ARM.Collect$$$$0000000C) refers to main.o(i.main) for main
    errno.o(i.__aeabi_errno_addr) refers to errno.o(.data) for .data
    errno.o(i.__read_errno) refers to errno.o(.data) for .data
    errno.o(i.__set_errno) refers to errno.o(.data) for .data
    depilogue.o(.text) refers to llshl.o(.text) for __aeabi_llsl
    depilogue.o(.text) refers to llushr.o(.text) for __aeabi_llsr
    dsqrt.o(.text) refers to llushr.o(.text) for __aeabi_llsr
    dsqrt.o(.text) refers to depilogue.o(.text) for _double_round
    init.o(.text) refers to entry5.o(.ARM.Collect$$$$00000004) for __main_after_scatterload


==============================================================================

Removing Unused input sections from the image.

    Removing system_stm32f10x.o(i.SystemCoreClockUpdate), (164 bytes).
    Removing myiic.o(i.IIC_Ack), (80 bytes).
    Removing myiic.o(i.IIC_Init), (92 bytes).
    Removing myiic.o(i.IIC_NAck), (80 bytes).
    Removing myiic.o(i.IIC_ReadOneByte), (64 bytes).
    Removing myiic.o(i.IIC_Read_Byte), (112 bytes).
    Removing myiic.o(i.IIC_ReadmultiyBytes), (96 bytes).
    Removing myiic.o(i.IIC_Send_Byte), (104 bytes).
    Removing myiic.o(i.IIC_Start), (76 bytes).
    Removing myiic.o(i.IIC_Stop), (76 bytes).
    Removing myiic.o(i.IIC_Wait_Ack), (100 bytes).
    Removing myiic.o(i.IIC_WriteOneByte), (54 bytes).
    Removing mpu92xx.o(.constdata), (1 bytes).
    Removing spi.o(i.SPI2_Init), (148 bytes).
    Removing spi.o(i.SPI2_ReadWriteByte), (84 bytes).
    Removing sys.o(i.NVIC_Configuration), (12 bytes).
    Removing usart.o(i._sys_exit), (6 bytes).
    Removing usart.o(i.fputc), (28 bytes).
    Removing usart.o(i.uart_init), (168 bytes).
    Removing usart.o(.bss), (200 bytes).
    Removing usart.o(.data), (6 bytes).
    Removing core_cm3.o(.emb_text), (32 bytes).
    Removing startup_stm32f10x_hd.o(HEAP), (512 bytes).
    Removing misc.o(i.NVIC_SetVectorTable), (20 bytes).
    Removing misc.o(i.NVIC_SystemLPConfig), (32 bytes).
    Removing stm32f10x_gpio.o(i.GPIO_AFIODeInit), (20 bytes).
    Removing stm32f10x_gpio.o(i.GPIO_DeInit), (200 bytes).
    Removing stm32f10x_gpio.o(i.GPIO_ETH_MediaInterfaceConfig), (12 bytes).
    Removing stm32f10x_gpio.o(i.GPIO_EXTILineConfig), (64 bytes).
    Removing stm32f10x_gpio.o(i.GPIO_EventOutputCmd), (12 bytes).
    Removing stm32f10x_gpio.o(i.GPIO_EventOutputConfig), (32 bytes).
    Removing stm32f10x_gpio.o(i.GPIO_PinLockConfig), (18 bytes).
    Removing stm32f10x_gpio.o(i.GPIO_ReadInputData), (8 bytes).
    Removing stm32f10x_gpio.o(i.GPIO_ReadInputDataBit), (18 bytes).
    Removing stm32f10x_gpio.o(i.GPIO_ReadOutputData), (8 bytes).
    Removing stm32f10x_gpio.o(i.GPIO_ReadOutputDataBit), (18 bytes).
    Removing stm32f10x_gpio.o(i.GPIO_ResetBits), (4 bytes).
    Removing stm32f10x_gpio.o(i.GPIO_StructInit), (16 bytes).
    Removing stm32f10x_gpio.o(i.GPIO_Write), (4 bytes).
    Removing stm32f10x_gpio.o(i.GPIO_WriteBit), (10 bytes).
    Removing stm32f10x_spi.o(i.I2S_Cmd), (24 bytes).
    Removing stm32f10x_spi.o(i.I2S_Init), (232 bytes).
    Removing stm32f10x_spi.o(i.I2S_StructInit), (20 bytes).
    Removing stm32f10x_spi.o(i.SPI_BiDirectionalLineConfig), (28 bytes).
    Removing stm32f10x_spi.o(i.SPI_CalculateCRC), (24 bytes).
    Removing stm32f10x_spi.o(i.SPI_DataSizeConfig), (18 bytes).
    Removing stm32f10x_spi.o(i.SPI_GetCRC), (16 bytes).
    Removing stm32f10x_spi.o(i.SPI_GetCRCPolynomial), (6 bytes).
    Removing stm32f10x_spi.o(i.SPI_I2S_ClearFlag), (6 bytes).
    Removing stm32f10x_spi.o(i.SPI_I2S_ClearITPendingBit), (20 bytes).
    Removing stm32f10x_spi.o(i.SPI_I2S_DMACmd), (18 bytes).
    Removing stm32f10x_spi.o(i.SPI_I2S_DeInit), (88 bytes).
    Removing stm32f10x_spi.o(i.SPI_I2S_GetITStatus), (52 bytes).
    Removing stm32f10x_spi.o(i.SPI_I2S_ITConfig), (32 bytes).
    Removing stm32f10x_spi.o(i.SPI_NSSInternalSoftwareConfig), (30 bytes).
    Removing stm32f10x_spi.o(i.SPI_SSOutputCmd), (24 bytes).
    Removing stm32f10x_spi.o(i.SPI_StructInit), (24 bytes).
    Removing stm32f10x_spi.o(i.SPI_TransmitCRC), (10 bytes).
    Removing stm32f10x_rcc.o(i.RCC_ADCCLKConfig), (24 bytes).
    Removing stm32f10x_rcc.o(i.RCC_AHBPeriphClockCmd), (32 bytes).
    Removing stm32f10x_rcc.o(i.RCC_APB1PeriphResetCmd), (32 bytes).
    Removing stm32f10x_rcc.o(i.RCC_APB2PeriphResetCmd), (32 bytes).
    Removing stm32f10x_rcc.o(i.RCC_AdjustHSICalibrationValue), (24 bytes).
    Removing stm32f10x_rcc.o(i.RCC_BackupResetCmd), (12 bytes).
    Removing stm32f10x_rcc.o(i.RCC_ClearFlag), (20 bytes).
    Removing stm32f10x_rcc.o(i.RCC_ClearITPendingBit), (12 bytes).
    Removing stm32f10x_rcc.o(i.RCC_ClockSecuritySystemCmd), (12 bytes).
    Removing stm32f10x_rcc.o(i.RCC_DeInit), (76 bytes).
    Removing stm32f10x_rcc.o(i.RCC_GetClocksFreq), (212 bytes).
    Removing stm32f10x_rcc.o(i.RCC_GetFlagStatus), (60 bytes).
    Removing stm32f10x_rcc.o(i.RCC_GetITStatus), (24 bytes).
    Removing stm32f10x_rcc.o(i.RCC_GetSYSCLKSource), (16 bytes).
    Removing stm32f10x_rcc.o(i.RCC_HCLKConfig), (24 bytes).
    Removing stm32f10x_rcc.o(i.RCC_HSEConfig), (76 bytes).
    Removing stm32f10x_rcc.o(i.RCC_HSICmd), (12 bytes).
    Removing stm32f10x_rcc.o(i.RCC_ITConfig), (32 bytes).
    Removing stm32f10x_rcc.o(i.RCC_LSEConfig), (52 bytes).
    Removing stm32f10x_rcc.o(i.RCC_LSICmd), (12 bytes).
    Removing stm32f10x_rcc.o(i.RCC_MCOConfig), (12 bytes).
    Removing stm32f10x_rcc.o(i.RCC_PCLK1Config), (24 bytes).
    Removing stm32f10x_rcc.o(i.RCC_PCLK2Config), (24 bytes).
    Removing stm32f10x_rcc.o(i.RCC_PLLCmd), (12 bytes).
    Removing stm32f10x_rcc.o(i.RCC_PLLConfig), (28 bytes).
    Removing stm32f10x_rcc.o(i.RCC_RTCCLKCmd), (12 bytes).
    Removing stm32f10x_rcc.o(i.RCC_RTCCLKConfig), (16 bytes).
    Removing stm32f10x_rcc.o(i.RCC_SYSCLKConfig), (24 bytes).
    Removing stm32f10x_rcc.o(i.RCC_USBCLKConfig), (12 bytes).
    Removing stm32f10x_rcc.o(i.RCC_WaitForHSEStartUp), (56 bytes).
    Removing stm32f10x_rcc.o(.data), (20 bytes).
    Removing stm32f10x_usart.o(i.USART_ClearFlag), (18 bytes).
    Removing stm32f10x_usart.o(i.USART_ClearITPendingBit), (30 bytes).
    Removing stm32f10x_usart.o(i.USART_ClockInit), (34 bytes).
    Removing stm32f10x_usart.o(i.USART_ClockStructInit), (12 bytes).
    Removing stm32f10x_usart.o(i.USART_Cmd), (24 bytes).
    Removing stm32f10x_usart.o(i.USART_DMACmd), (18 bytes).
    Removing stm32f10x_usart.o(i.USART_DeInit), (156 bytes).
    Removing stm32f10x_usart.o(i.USART_GetFlagStatus), (26 bytes).
    Removing stm32f10x_usart.o(i.USART_GetITStatus), (84 bytes).
    Removing stm32f10x_usart.o(i.USART_HalfDuplexCmd), (24 bytes).
    Removing stm32f10x_usart.o(i.USART_ITConfig), (74 bytes).
    Removing stm32f10x_usart.o(i.USART_Init), (216 bytes).
    Removing stm32f10x_usart.o(i.USART_IrDACmd), (24 bytes).
    Removing stm32f10x_usart.o(i.USART_IrDAConfig), (18 bytes).
    Removing stm32f10x_usart.o(i.USART_LINBreakDetectLengthConfig), (18 bytes).
    Removing stm32f10x_usart.o(i.USART_LINCmd), (24 bytes).
    Removing stm32f10x_usart.o(i.USART_OneBitMethodCmd), (24 bytes).
    Removing stm32f10x_usart.o(i.USART_OverSampling8Cmd), (22 bytes).
    Removing stm32f10x_usart.o(i.USART_ReceiveData), (10 bytes).
    Removing stm32f10x_usart.o(i.USART_ReceiverWakeUpCmd), (24 bytes).
    Removing stm32f10x_usart.o(i.USART_SendBreak), (10 bytes).
    Removing stm32f10x_usart.o(i.USART_SendData), (8 bytes).
    Removing stm32f10x_usart.o(i.USART_SetAddress), (18 bytes).
    Removing stm32f10x_usart.o(i.USART_SetGuardTime), (16 bytes).
    Removing stm32f10x_usart.o(i.USART_SetPrescaler), (16 bytes).
    Removing stm32f10x_usart.o(i.USART_SmartCardCmd), (24 bytes).
    Removing stm32f10x_usart.o(i.USART_SmartCardNACKCmd), (24 bytes).
    Removing stm32f10x_usart.o(i.USART_StructInit), (24 bytes).
    Removing stm32f10x_usart.o(i.USART_WakeUpConfig), (18 bytes).
    Removing stm32f10x_tim.o(i.TI1_Config), (128 bytes).
    Removing stm32f10x_tim.o(i.TI2_Config), (152 bytes).
    Removing stm32f10x_tim.o(i.TI3_Config), (144 bytes).
    Removing stm32f10x_tim.o(i.TI4_Config), (152 bytes).
    Removing stm32f10x_tim.o(i.TIM_ARRPreloadConfig), (24 bytes).
    Removing stm32f10x_tim.o(i.TIM_BDTRConfig), (32 bytes).
    Removing stm32f10x_tim.o(i.TIM_BDTRStructInit), (18 bytes).
    Removing stm32f10x_tim.o(i.TIM_CCPreloadControl), (24 bytes).
    Removing stm32f10x_tim.o(i.TIM_CCxCmd), (30 bytes).
    Removing stm32f10x_tim.o(i.TIM_CCxNCmd), (30 bytes).
    Removing stm32f10x_tim.o(i.TIM_ClearOC1Ref), (18 bytes).
    Removing stm32f10x_tim.o(i.TIM_ClearOC2Ref), (24 bytes).
    Removing stm32f10x_tim.o(i.TIM_ClearOC3Ref), (18 bytes).
    Removing stm32f10x_tim.o(i.TIM_ClearOC4Ref), (24 bytes).
    Removing stm32f10x_tim.o(i.TIM_CounterModeConfig), (18 bytes).
    Removing stm32f10x_tim.o(i.TIM_CtrlPWMOutputs), (30 bytes).
    Removing stm32f10x_tim.o(i.TIM_DMACmd), (18 bytes).
    Removing stm32f10x_tim.o(i.TIM_DMAConfig), (10 bytes).
    Removing stm32f10x_tim.o(i.TIM_DeInit), (488 bytes).
    Removing stm32f10x_tim.o(i.TIM_ETRClockMode1Config), (54 bytes).
    Removing stm32f10x_tim.o(i.TIM_ETRClockMode2Config), (32 bytes).
    Removing stm32f10x_tim.o(i.TIM_ETRConfig), (28 bytes).
    Removing stm32f10x_tim.o(i.TIM_EncoderInterfaceConfig), (66 bytes).
    Removing stm32f10x_tim.o(i.TIM_ForcedOC1Config), (18 bytes).
    Removing stm32f10x_tim.o(i.TIM_ForcedOC2Config), (26 bytes).
    Removing stm32f10x_tim.o(i.TIM_ForcedOC3Config), (18 bytes).
    Removing stm32f10x_tim.o(i.TIM_ForcedOC4Config), (26 bytes).
    Removing stm32f10x_tim.o(i.TIM_GenerateEvent), (4 bytes).
    Removing stm32f10x_tim.o(i.TIM_GetCapture1), (6 bytes).
    Removing stm32f10x_tim.o(i.TIM_GetCapture2), (6 bytes).
    Removing stm32f10x_tim.o(i.TIM_GetCapture3), (6 bytes).
    Removing stm32f10x_tim.o(i.TIM_GetCapture4), (8 bytes).
    Removing stm32f10x_tim.o(i.TIM_GetCounter), (6 bytes).
    Removing stm32f10x_tim.o(i.TIM_GetFlagStatus), (18 bytes).
    Removing stm32f10x_tim.o(i.TIM_GetPrescaler), (6 bytes).
    Removing stm32f10x_tim.o(i.TIM_ICInit), (172 bytes).
    Removing stm32f10x_tim.o(i.TIM_ICStructInit), (18 bytes).
    Removing stm32f10x_tim.o(i.TIM_ITRxExternalClockConfig), (24 bytes).
    Removing stm32f10x_tim.o(i.TIM_InternalClockConfig), (12 bytes).
    Removing stm32f10x_tim.o(i.TIM_OC1FastConfig), (18 bytes).
    Removing stm32f10x_tim.o(i.TIM_OC1Init), (152 bytes).
    Removing stm32f10x_tim.o(i.TIM_OC1NPolarityConfig), (18 bytes).
    Removing stm32f10x_tim.o(i.TIM_OC1PolarityConfig), (18 bytes).
    Removing stm32f10x_tim.o(i.TIM_OC1PreloadConfig), (18 bytes).
    Removing stm32f10x_tim.o(i.TIM_OC2FastConfig), (26 bytes).
    Removing stm32f10x_tim.o(i.TIM_OC2Init), (164 bytes).
    Removing stm32f10x_tim.o(i.TIM_OC2NPolarityConfig), (26 bytes).
    Removing stm32f10x_tim.o(i.TIM_OC2PolarityConfig), (26 bytes).
    Removing stm32f10x_tim.o(i.TIM_OC2PreloadConfig), (26 bytes).
    Removing stm32f10x_tim.o(i.TIM_OC3FastConfig), (18 bytes).
    Removing stm32f10x_tim.o(i.TIM_OC3Init), (160 bytes).
    Removing stm32f10x_tim.o(i.TIM_OC3NPolarityConfig), (26 bytes).
    Removing stm32f10x_tim.o(i.TIM_OC3PolarityConfig), (26 bytes).
    Removing stm32f10x_tim.o(i.TIM_OC3PreloadConfig), (18 bytes).
    Removing stm32f10x_tim.o(i.TIM_OC4FastConfig), (26 bytes).
    Removing stm32f10x_tim.o(i.TIM_OC4Init), (124 bytes).
    Removing stm32f10x_tim.o(i.TIM_OC4PolarityConfig), (26 bytes).
    Removing stm32f10x_tim.o(i.TIM_OC4PreloadConfig), (26 bytes).
    Removing stm32f10x_tim.o(i.TIM_OCStructInit), (20 bytes).
    Removing stm32f10x_tim.o(i.TIM_PWMIConfig), (124 bytes).
    Removing stm32f10x_tim.o(i.TIM_PrescalerConfig), (6 bytes).
    Removing stm32f10x_tim.o(i.TIM_SelectCCDMA), (24 bytes).
    Removing stm32f10x_tim.o(i.TIM_SelectCOM), (24 bytes).
    Removing stm32f10x_tim.o(i.TIM_SelectHallSensor), (24 bytes).
    Removing stm32f10x_tim.o(i.TIM_SelectInputTrigger), (18 bytes).
    Removing stm32f10x_tim.o(i.TIM_SelectMasterSlaveMode), (18 bytes).
    Removing stm32f10x_tim.o(i.TIM_SelectOCxM), (82 bytes).
    Removing stm32f10x_tim.o(i.TIM_SelectOnePulseMode), (18 bytes).
    Removing stm32f10x_tim.o(i.TIM_SelectOutputTrigger), (18 bytes).
    Removing stm32f10x_tim.o(i.TIM_SelectSlaveMode), (18 bytes).
    Removing stm32f10x_tim.o(i.TIM_SetAutoreload), (4 bytes).
    Removing stm32f10x_tim.o(i.TIM_SetClockDivision), (18 bytes).
    Removing stm32f10x_tim.o(i.TIM_SetCompare1), (4 bytes).
    Removing stm32f10x_tim.o(i.TIM_SetCompare2), (4 bytes).
    Removing stm32f10x_tim.o(i.TIM_SetCompare3), (4 bytes).
    Removing stm32f10x_tim.o(i.TIM_SetCompare4), (6 bytes).
    Removing stm32f10x_tim.o(i.TIM_SetCounter), (4 bytes).
    Removing stm32f10x_tim.o(i.TIM_SetIC1Prescaler), (18 bytes).
    Removing stm32f10x_tim.o(i.TIM_SetIC2Prescaler), (26 bytes).
    Removing stm32f10x_tim.o(i.TIM_SetIC3Prescaler), (18 bytes).
    Removing stm32f10x_tim.o(i.TIM_SetIC4Prescaler), (26 bytes).
    Removing stm32f10x_tim.o(i.TIM_TIxExternalClockConfig), (62 bytes).
    Removing stm32f10x_tim.o(i.TIM_TimeBaseStructInit), (18 bytes).
    Removing stm32f10x_tim.o(i.TIM_UpdateDisableConfig), (24 bytes).
    Removing stm32f10x_tim.o(i.TIM_UpdateRequestConfig), (24 bytes).
    Removing cdcmple.o(.text), (48 bytes).

204 unused section(s) (total 9117 bytes) removed from the image.

==============================================================================

Image Symbol Table

    Local Symbols

    Symbol Name                              Value     Ov Type        Size  Object(Section)

    ../clib/microlib/errno.c                 0x00000000   Number         0  errno.o ABSOLUTE
    ../clib/microlib/init/entry.s            0x00000000   Number         0  entry9a.o ABSOLUTE
    ../clib/microlib/init/entry.s            0x00000000   Number         0  entry7b.o ABSOLUTE
    ../clib/microlib/init/entry.s            0x00000000   Number         0  entry11b.o ABSOLUTE
    ../clib/microlib/init/entry.s            0x00000000   Number         0  entry5.o ABSOLUTE
    ../clib/microlib/init/entry.s            0x00000000   Number         0  entry11a.o ABSOLUTE
    ../clib/microlib/init/entry.s            0x00000000   Number         0  entry10b.o ABSOLUTE
    ../clib/microlib/init/entry.s            0x00000000   Number         0  entry10a.o ABSOLUTE
    ../clib/microlib/init/entry.s            0x00000000   Number         0  entry9b.o ABSOLUTE
    ../clib/microlib/init/entry.s            0x00000000   Number         0  entry7a.o ABSOLUTE
    ../clib/microlib/init/entry.s            0x00000000   Number         0  entry8b.o ABSOLUTE
    ../clib/microlib/init/entry.s            0x00000000   Number         0  entry2.o ABSOLUTE
    ../clib/microlib/init/entry.s            0x00000000   Number         0  entry8a.o ABSOLUTE
    ../clib/microlib/init/entry.s            0x00000000   Number         0  entry.o ABSOLUTE
    ../clib/microlib/longlong.c              0x00000000   Number         0  llsshr.o ABSOLUTE
    ../clib/microlib/longlong.c              0x00000000   Number         0  llshl.o ABSOLUTE
    ../clib/microlib/longlong.c              0x00000000   Number         0  llushr.o ABSOLUTE
    ../clib/microlib/string/memset.c         0x00000000   Number         0  memseta.o ABSOLUTE
    ../clib/microlib/stubs.s                 0x00000000   Number         0  iusefp.o ABSOLUTE
    ../clib/microlib/stubs.s                 0x00000000   Number         0  useno.o ABSOLUTE
    ../fplib/microlib/d2f.c                  0x00000000   Number         0  d2f.o ABSOLUTE
    ../fplib/microlib/f2d.c                  0x00000000   Number         0  f2d.o ABSOLUTE
    ../fplib/microlib/fpadd.c                0x00000000   Number         0  fadd.o ABSOLUTE
    ../fplib/microlib/fpadd.c                0x00000000   Number         0  dadd.o ABSOLUTE
    ../fplib/microlib/fpdiv.c                0x00000000   Number         0  fdiv.o ABSOLUTE
    ../fplib/microlib/fpdiv.c                0x00000000   Number         0  ddiv.o ABSOLUTE
    ../fplib/microlib/fpepilogue.c           0x00000000   Number         0  depilogue.o ABSOLUTE
    ../fplib/microlib/fpepilogue.c           0x00000000   Number         0  fepilogue.o ABSOLUTE
    ../fplib/microlib/fpflt.c                0x00000000   Number         0  fflti.o ABSOLUTE
    ../fplib/microlib/fpmul.c                0x00000000   Number         0  dmul.o ABSOLUTE
    ../fplib/microlib/fpmul.c                0x00000000   Number         0  fmul.o ABSOLUTE
    ../fplib/microlib/fpscalb.c              0x00000000   Number         0  dscalb.o ABSOLUTE
    ../fplib/microlib/fpsqrt.c               0x00000000   Number         0  dsqrt.o ABSOLUTE
    ../mathlib/asin.c                        0x00000000   Number         0  asin.o ABSOLUTE
    ../mathlib/asin.c                        0x00000000   Number         0  asin_x.o ABSOLUTE
    ../mathlib/atan.c                        0x00000000   Number         0  atan.o ABSOLUTE
    ../mathlib/atan.c                        0x00000000   Number         0  atan_x.o ABSOLUTE
    ../mathlib/atan2.c                       0x00000000   Number         0  atan2.o ABSOLUTE
    ../mathlib/atan2.c                       0x00000000   Number         0  atan2_x.o ABSOLUTE
    ../mathlib/dunder.c                      0x00000000   Number         0  dunder.o ABSOLUTE
    ../mathlib/fpclassify.c                  0x00000000   Number         0  fpclassify.o ABSOLUTE
    ../mathlib/poly.c                        0x00000000   Number         0  poly.o ABSOLUTE
    ../mathlib/qnan.c                        0x00000000   Number         0  qnan.o ABSOLUTE
    ../mathlib/sqrt.c                        0x00000000   Number         0  sqrt.o ABSOLUTE
    ../mathlib/sqrt.c                        0x00000000   Number         0  sqrt_x.o ABSOLUTE
    ..\AHRS\ahrs.c                           0x00000000   Number         0  ahrs.o ABSOLUTE
    ..\CORE\core_cm3.c                       0x00000000   Number         0  core_cm3.o ABSOLUTE
    ..\CORE\startup_stm32f10x_hd.s           0x00000000   Number         0  startup_stm32f10x_hd.o ABSOLUTE
    ..\HARDWARE\IIC\myiic.c                  0x00000000   Number         0  myiic.o ABSOLUTE
    ..\HARDWARE\LED\led.c                    0x00000000   Number         0  led.o ABSOLUTE
    ..\HARDWARE\SPI\spi.c                    0x00000000   Number         0  spi.o ABSOLUTE
    ..\HARDWARE\TIMER\timer.c                0x00000000   Number         0  timer.o ABSOLUTE
    ..\HARDWARE\mpu9250\mpu92xx.c            0x00000000   Number         0  mpu92xx.o ABSOLUTE
    ..\INS\ins.c                             0x00000000   Number         0  ins.o ABSOLUTE
    ..\STM32F10x_FWLib\src\misc.c            0x00000000   Number         0  misc.o ABSOLUTE
    ..\STM32F10x_FWLib\src\stm32f10x_gpio.c  0x00000000   Number         0  stm32f10x_gpio.o ABSOLUTE
    ..\STM32F10x_FWLib\src\stm32f10x_rcc.c   0x00000000   Number         0  stm32f10x_rcc.o ABSOLUTE
    ..\STM32F10x_FWLib\src\stm32f10x_spi.c   0x00000000   Number         0  stm32f10x_spi.o ABSOLUTE
    ..\STM32F10x_FWLib\src\stm32f10x_tim.c   0x00000000   Number         0  stm32f10x_tim.o ABSOLUTE
    ..\STM32F10x_FWLib\src\stm32f10x_usart.c 0x00000000   Number         0  stm32f10x_usart.o ABSOLUTE
    ..\SYSTEM\delay\delay.c                  0x00000000   Number         0  delay.o ABSOLUTE
    ..\SYSTEM\sys\sys.c                      0x00000000   Number         0  sys.o ABSOLUTE
    ..\SYSTEM\usart\usart.c                  0x00000000   Number         0  usart.o ABSOLUTE
    ..\\CORE\\core_cm3.c                     0x00000000   Number         0  core_cm3.o ABSOLUTE
    cdcmple.s                                0x00000000   Number         0  cdcmple.o ABSOLUTE
    cfcmple.s                                0x00000000   Number         0  cfcmple.o ABSOLUTE
    dc.s                                     0x00000000   Number         0  dc.o ABSOLUTE
    handlers.s                               0x00000000   Number         0  handlers.o ABSOLUTE
    init.s                                   0x00000000   Number         0  init.o ABSOLUTE
    main.c                                   0x00000000   Number         0  main.o ABSOLUTE
    stm32f10x_it.c                           0x00000000   Number         0  stm32f10x_it.o ABSOLUTE
    system_stm32f10x.c                       0x00000000   Number         0  system_stm32f10x.o ABSOLUTE
    RESET                                    0x08000000   Section      304  startup_stm32f10x_hd.o(RESET)
    .ARM.Collect$$$$00000000                 0x08000130   Section        0  entry.o(.ARM.Collect$$$$00000000)
    .ARM.Collect$$$$00000001                 0x08000130   Section        4  entry2.o(.ARM.Collect$$$$00000001)
    .ARM.Collect$$$$00000004                 0x08000134   Section        4  entry5.o(.ARM.Collect$$$$00000004)
    .ARM.Collect$$$$00000008                 0x08000138   Section        0  entry7b.o(.ARM.Collect$$$$00000008)
    .ARM.Collect$$$$0000000A                 0x08000138   Section        0  entry8b.o(.ARM.Collect$$$$0000000A)
    .ARM.Collect$$$$0000000B                 0x08000138   Section        8  entry9a.o(.ARM.Collect$$$$0000000B)
    .ARM.Collect$$$$0000000D                 0x08000140   Section        0  entry10a.o(.ARM.Collect$$$$0000000D)
    .ARM.Collect$$$$0000000F                 0x08000140   Section        0  entry11a.o(.ARM.Collect$$$$0000000F)
    .ARM.Collect$$$$00002712                 0x08000140   Section        4  entry2.o(.ARM.Collect$$$$00002712)
    __lit__00000000                          0x08000140   Data           4  entry2.o(.ARM.Collect$$$$00002712)
    .text                                    0x08000144   Section       36  startup_stm32f10x_hd.o(.text)
    .text                                    0x08000168   Section        0  memseta.o(.text)
    .text                                    0x0800018c   Section        0  fadd.o(.text)
    .text                                    0x0800023c   Section        0  fmul.o(.text)
    .text                                    0x080002a0   Section        0  fdiv.o(.text)
    .text                                    0x0800031c   Section        0  dadd.o(.text)
    .text                                    0x0800046a   Section        0  dmul.o(.text)
    .text                                    0x0800054e   Section        0  ddiv.o(.text)
    .text                                    0x0800062c   Section        0  fflti.o(.text)
    .text                                    0x0800063e   Section        0  f2d.o(.text)
    .text                                    0x08000664   Section        0  d2f.o(.text)
    .text                                    0x0800069c   Section       20  cfcmple.o(.text)
    .text                                    0x080006b0   Section        0  llshl.o(.text)
    .text                                    0x080006ce   Section        0  llsshr.o(.text)
    .text                                    0x080006f2   Section        0  fepilogue.o(.text)
    .text                                    0x080006f2   Section        0  iusefp.o(.text)
    .text                                    0x08000760   Section        0  depilogue.o(.text)
    .text                                    0x0800081a   Section        0  dscalb.o(.text)
    .text                                    0x08000848   Section        0  dsqrt.o(.text)
    .text                                    0x080008ec   Section       36  init.o(.text)
    .text                                    0x08000910   Section        0  llushr.o(.text)
    i.AcclerationReturn                      0x08000930   Section        0  ahrs.o(i.AcclerationReturn)
    i.BusFault_Handler                       0x08000950   Section        0  stm32f10x_it.o(i.BusFault_Handler)
    i.DebugMon_Handler                       0x08000954   Section        0  stm32f10x_it.o(i.DebugMon_Handler)
    i.GPIO_Init                              0x08000956   Section        0  stm32f10x_gpio.o(i.GPIO_Init)
    i.GPIO_PinRemapConfig                    0x08000a6c   Section        0  stm32f10x_gpio.o(i.GPIO_PinRemapConfig)
    i.GPIO_SetBits                           0x08000afc   Section        0  stm32f10x_gpio.o(i.GPIO_SetBits)
    i.HardFault_Handler                      0x08000b00   Section        0  stm32f10x_it.o(i.HardFault_Handler)
    i.IMU_AHRSupdate                         0x08000b04   Section        0  ahrs.o(i.IMU_AHRSupdate)
    i.IMU_getQ                               0x08001258   Section        0  ahrs.o(i.IMU_getQ)
    i.IMU_getYawPitchRoll                    0x08001300   Section        0  ahrs.o(i.IMU_getYawPitchRoll)
    i.INS_Update                             0x080014dc   Section        0  ins.o(i.INS_Update)
    i.Init_AK8963                            0x08001b38   Section        0  mpu92xx.o(i.Init_AK8963)
    i.LED0_OFF                               0x08001c84   Section        0  led.o(i.LED0_OFF)
    i.LED0_ON                                0x08001c90   Section        0  led.o(i.LED0_ON)
    i.LED_Init                               0x08001c9c   Section        0  led.o(i.LED_Init)
    i.MPU9250_DataSolve                      0x08001cd4   Section        0  mpu92xx.o(i.MPU9250_DataSolve)
    i.MPU9250_Init                           0x08001f74   Section        0  mpu92xx.o(i.MPU9250_Init)
    i.MPU9250_ReadValue                      0x08002010   Section        0  mpu92xx.o(i.MPU9250_ReadValue)
    i.MemManage_Handler                      0x08002214   Section        0  stm32f10x_it.o(i.MemManage_Handler)
    i.MoveFilter                             0x08002218   Section        0  mpu92xx.o(i.MoveFilter)
    i.NMI_Handler                            0x08002266   Section        0  stm32f10x_it.o(i.NMI_Handler)
    i.NVIC_Init                              0x08002268   Section        0  misc.o(i.NVIC_Init)
    i.NVIC_PriorityGroupConfig               0x080022d8   Section        0  misc.o(i.NVIC_PriorityGroupConfig)
    i.PendSV_Handler                         0x080022ec   Section        0  stm32f10x_it.o(i.PendSV_Handler)
    i.QuaterionReturn                        0x080022f0   Section        0  ahrs.o(i.QuaterionReturn)
    i.RCC_APB1PeriphClockCmd                 0x080022f8   Section        0  stm32f10x_rcc.o(i.RCC_APB1PeriphClockCmd)
    i.RCC_APB2PeriphClockCmd                 0x08002318   Section        0  stm32f10x_rcc.o(i.RCC_APB2PeriphClockCmd)
    i.SPI1_Init                              0x08002338   Section        0  spi.o(i.SPI1_Init)
    i.SPI1_ReadOneByte                       0x080023d0   Section        0  spi.o(i.SPI1_ReadOneByte)
    i.SPI1_ReadWriteByte                     0x08002400   Section        0  spi.o(i.SPI1_ReadWriteByte)
    i.SPI1_ReadmultiyBytes                   0x08002454   Section        0  spi.o(i.SPI1_ReadmultiyBytes)
    i.SPI1_WriteOneByte                      0x08002494   Section        0  spi.o(i.SPI1_WriteOneByte)
    i.SPI_Cmd                                0x080024c8   Section        0  stm32f10x_spi.o(i.SPI_Cmd)
    i.SPI_I2S_GetFlagStatus                  0x080024e0   Section        0  stm32f10x_spi.o(i.SPI_I2S_GetFlagStatus)
    i.SPI_I2S_ReceiveData                    0x080024f2   Section        0  stm32f10x_spi.o(i.SPI_I2S_ReceiveData)
    i.SPI_I2S_SendData                       0x080024f8   Section        0  stm32f10x_spi.o(i.SPI_I2S_SendData)
    i.SPI_Init                               0x080024fc   Section        0  stm32f10x_spi.o(i.SPI_Init)
    i.SVC_Handler                            0x08002538   Section        0  stm32f10x_it.o(i.SVC_Handler)
    i.SYS_Timer2_Configuration               0x0800253a   Section        0  timer.o(i.SYS_Timer2_Configuration)
    i.SetSysClock                            0x080025a2   Section        0  system_stm32f10x.o(i.SetSysClock)
    SetSysClock                              0x080025a3   Thumb Code     8  system_stm32f10x.o(i.SetSysClock)
    i.SetSysClockTo72                        0x080025ac   Section        0  system_stm32f10x.o(i.SetSysClockTo72)
    SetSysClockTo72                          0x080025ad   Thumb Code   214  system_stm32f10x.o(i.SetSysClockTo72)
    i.SysTick_CLKSourceConfig                0x0800268c   Section        0  misc.o(i.SysTick_CLKSourceConfig)
    i.SysTick_Handler                        0x080026b4   Section        0  stm32f10x_it.o(i.SysTick_Handler)
    i.SystemInit                             0x080026b8   Section        0  system_stm32f10x.o(i.SystemInit)
    i.TIM2_IRQHandler                        0x08002718   Section        0  timer.o(i.TIM2_IRQHandler)
    i.TIM_ClearFlag                          0x0800273c   Section        0  stm32f10x_tim.o(i.TIM_ClearFlag)
    i.TIM_ClearITPendingBit                  0x08002742   Section        0  stm32f10x_tim.o(i.TIM_ClearITPendingBit)
    i.TIM_Cmd                                0x08002748   Section        0  stm32f10x_tim.o(i.TIM_Cmd)
    i.TIM_GetITStatus                        0x08002760   Section        0  stm32f10x_tim.o(i.TIM_GetITStatus)
    i.TIM_ITConfig                           0x08002782   Section        0  stm32f10x_tim.o(i.TIM_ITConfig)
    i.TIM_TimeBaseInit                       0x08002794   Section        0  stm32f10x_tim.o(i.TIM_TimeBaseInit)
    i.UsageFault_Handler                     0x08002838   Section        0  stm32f10x_it.o(i.UsageFault_Handler)
    i.__ARM_fpclassify                       0x0800283c   Section        0  fpclassify.o(i.__ARM_fpclassify)
    i.__kernel_poly                          0x08002864   Section        0  poly.o(i.__kernel_poly)
    i.__mathlib_dbl_infnan                   0x0800290e   Section        0  dunder.o(i.__mathlib_dbl_infnan)
    i.__mathlib_dbl_infnan2                  0x08002914   Section        0  dunder.o(i.__mathlib_dbl_infnan2)
    i.__mathlib_dbl_invalid                  0x08002918   Section        0  dunder.o(i.__mathlib_dbl_invalid)
    i.__mathlib_dbl_underflow                0x08002924   Section        0  dunder.o(i.__mathlib_dbl_underflow)
    i.__scatterload_copy                     0x08002934   Section       14  handlers.o(i.__scatterload_copy)
    i.__scatterload_null                     0x08002942   Section        2  handlers.o(i.__scatterload_null)
    i.__scatterload_zeroinit                 0x08002944   Section       14  handlers.o(i.__scatterload_zeroinit)
    i.__set_errno                            0x08002954   Section        0  errno.o(i.__set_errno)
    i.asin                                   0x08002960   Section        0  asin.o(i.asin)
    i.atan                                   0x08002bd0   Section        0  atan.o(i.atan)
    i.atan2                                  0x08002df0   Section        0  atan2.o(i.atan2)
    i.delay_init                             0x08002f70   Section        0  delay.o(i.delay_init)
    i.delay_ms                               0x08002fb4   Section        0  delay.o(i.delay_ms)
    i.delay_us                               0x08003000   Section        0  delay.o(i.delay_us)
    i.invSqrt                                0x0800304c   Section        0  ahrs.o(i.invSqrt)
    i.main                                   0x08003098   Section        0  main.o(i.main)
    i.sqrt                                   0x0800312c   Section        0  sqrt.o(i.sqrt)
    .constdata                               0x08003178   Section       80  asin.o(.constdata)
    pS                                       0x08003178   Data          48  asin.o(.constdata)
    qS                                       0x080031a8   Data          32  asin.o(.constdata)
    .constdata                               0x080031c8   Section      152  atan.o(.constdata)
    atanhi                                   0x080031c8   Data          32  atan.o(.constdata)
    atanlo                                   0x080031e8   Data          32  atan.o(.constdata)
    aTodd                                    0x08003208   Data          40  atan.o(.constdata)
    aTeven                                   0x08003230   Data          48  atan.o(.constdata)
    .constdata                               0x08003260   Section        8  qnan.o(.constdata)
    .data                                    0x20000000   Section       16  ins.o(.data)
    Quat                                     0x20000000   Data           4  ins.o(.data)
    ax                                       0x20000004   Data           4  ins.o(.data)
    ay                                       0x20000008   Data           4  ins.o(.data)
    az                                       0x2000000c   Data           4  ins.o(.data)
    .data                                    0x20000010   Section       64  ahrs.o(.data)
    .data                                    0x20000050   Section        8  main.o(.data)
    .data                                    0x20000058   Section       20  system_stm32f10x.o(.data)
    .data                                    0x2000006c   Section        9  mpu92xx.o(.data)
    runcnt                                   0x20000074   Data           1  mpu92xx.o(.data)
    .data                                    0x20000076   Section        4  delay.o(.data)
    fac_us                                   0x20000076   Data           1  delay.o(.data)
    fac_ms                                   0x20000078   Data           2  delay.o(.data)
    .data                                    0x2000007c   Section        4  errno.o(.data)
    _errno                                   0x2000007c   Data           4  errno.o(.data)
    .bss                                     0x20000080   Section      120  ins.o(.bss)
    Rot_matrix                               0x20000080   Data          36  ins.o(.bss)
    .bss                                     0x200000f8   Section       28  ahrs.o(.bss)
    .bss                                     0x20000114   Section      328  mpu92xx.o(.bss)
    tempbuf                                  0x20000244   Data          24  mpu92xx.o(.bss)
    .bss                                     0x2000025c   Section       18  spi.o(.bss)
    STACK                                    0x20000270   Section     1024  startup_stm32f10x_hd.o(STACK)

    Global Symbols

    Symbol Name                              Value     Ov Type        Size  Object(Section)

    BuildAttributes$$THM_ISAv4$P$D$K$B$S$PE$A:L22UL41UL21$X:L11$S22US41US21$IEEE1$IW$USESV6$~STKCKD$USESV7$~SHL$OTIME$ROPI$IEEEX$EBA8$MICROLIB$REQ8$PRES8$EABIv2 0x00000000   Number         0  anon$$obj.o ABSOLUTE
    __ARM_use_no_argv                        0x00000000   Number         0  main.o ABSOLUTE
    __use_no_errno                           0x00000000   Number         0  useno.o ABSOLUTE
    __use_no_exception_handling              0x00000000   Number         0  useno.o ABSOLUTE
    __use_no_fp                              0x00000000   Number         0  useno.o ABSOLUTE
    __use_no_heap                            0x00000000   Number         0  useno.o ABSOLUTE
    __use_no_heap_region                     0x00000000   Number         0  useno.o ABSOLUTE
    __use_no_semihosting                     0x00000000   Number         0  useno.o ABSOLUTE
    __use_no_semihosting_swi                 0x00000000   Number         0  useno.o ABSOLUTE
    __use_no_signal_handling                 0x00000000   Number         0  useno.o ABSOLUTE
    __cpp_initialize__aeabi_                  - Undefined Weak Reference
    __cxa_finalize                            - Undefined Weak Reference
    __decompress                              - Undefined Weak Reference
    _clock_init                               - Undefined Weak Reference
    _microlib_exit                            - Undefined Weak Reference
    __Vectors_Size                           0x00000130   Number         0  startup_stm32f10x_hd.o ABSOLUTE
    __Vectors                                0x08000000   Data           4  startup_stm32f10x_hd.o(RESET)
    __Vectors_End                            0x08000130   Data           0  startup_stm32f10x_hd.o(RESET)
    __main                                   0x08000131   Thumb Code     0  entry.o(.ARM.Collect$$$$00000000)
    _main_stk                                0x08000131   Thumb Code     0  entry2.o(.ARM.Collect$$$$00000001)
    _main_scatterload                        0x08000135   Thumb Code     0  entry5.o(.ARM.Collect$$$$00000004)
    __main_after_scatterload                 0x08000139   Thumb Code     0  entry5.o(.ARM.Collect$$$$00000004)
    _main_clock                              0x08000139   Thumb Code     0  entry7b.o(.ARM.Collect$$$$00000008)
    _main_cpp_init                           0x08000139   Thumb Code     0  entry8b.o(.ARM.Collect$$$$0000000A)
    _main_init                               0x08000139   Thumb Code     0  entry9a.o(.ARM.Collect$$$$0000000B)
    __rt_final_cpp                           0x08000141   Thumb Code     0  entry10a.o(.ARM.Collect$$$$0000000D)
    __rt_final_exit                          0x08000141   Thumb Code     0  entry11a.o(.ARM.Collect$$$$0000000F)
    Reset_Handler                            0x08000145   Thumb Code     8  startup_stm32f10x_hd.o(.text)
    ADC1_2_IRQHandler                        0x0800015f   Thumb Code     0  startup_stm32f10x_hd.o(.text)
    ADC3_IRQHandler                          0x0800015f   Thumb Code     0  startup_stm32f10x_hd.o(.text)
    CAN1_RX1_IRQHandler                      0x0800015f   Thumb Code     0  startup_stm32f10x_hd.o(.text)
    CAN1_SCE_IRQHandler                      0x0800015f   Thumb Code     0  startup_stm32f10x_hd.o(.text)
    DMA1_Channel1_IRQHandler                 0x0800015f   Thumb Code     0  startup_stm32f10x_hd.o(.text)
    DMA1_Channel2_IRQHandler                 0x0800015f   Thumb Code     0  startup_stm32f10x_hd.o(.text)
    DMA1_Channel3_IRQHandler                 0x0800015f   Thumb Code     0  startup_stm32f10x_hd.o(.text)
    DMA1_Channel4_IRQHandler                 0x0800015f   Thumb Code     0  startup_stm32f10x_hd.o(.text)
    DMA1_Channel5_IRQHandler                 0x0800015f   Thumb Code     0  startup_stm32f10x_hd.o(.text)
    DMA1_Channel6_IRQHandler                 0x0800015f   Thumb Code     0  startup_stm32f10x_hd.o(.text)
    DMA1_Channel7_IRQHandler                 0x0800015f   Thumb Code     0  startup_stm32f10x_hd.o(.text)
    DMA2_Channel1_IRQHandler                 0x0800015f   Thumb Code     0  startup_stm32f10x_hd.o(.text)
    DMA2_Channel2_IRQHandler                 0x0800015f   Thumb Code     0  startup_stm32f10x_hd.o(.text)
    DMA2_Channel3_IRQHandler                 0x0800015f   Thumb Code     0  startup_stm32f10x_hd.o(.text)
    DMA2_Channel4_5_IRQHandler               0x0800015f   Thumb Code     0  startup_stm32f10x_hd.o(.text)
    EXTI0_IRQHandler                         0x0800015f   Thumb Code     0  startup_stm32f10x_hd.o(.text)
    EXTI15_10_IRQHandler                     0x0800015f   Thumb Code     0  startup_stm32f10x_hd.o(.text)
    EXTI1_IRQHandler                         0x0800015f   Thumb Code     0  startup_stm32f10x_hd.o(.text)
    EXTI2_IRQHandler                         0x0800015f   Thumb Code     0  startup_stm32f10x_hd.o(.text)
    EXTI3_IRQHandler                         0x0800015f   Thumb Code     0  startup_stm32f10x_hd.o(.text)
    EXTI4_IRQHandler                         0x0800015f   Thumb Code     0  startup_stm32f10x_hd.o(.text)
    EXTI9_5_IRQHandler                       0x0800015f   Thumb Code     0  startup_stm32f10x_hd.o(.text)
    FLASH_IRQHandler                         0x0800015f   Thumb Code     0  startup_stm32f10x_hd.o(.text)
    FSMC_IRQHandler                          0x0800015f   Thumb Code     0  startup_stm32f10x_hd.o(.text)
    I2C1_ER_IRQHandler                       0x0800015f   Thumb Code     0  startup_stm32f10x_hd.o(.text)
    I2C1_EV_IRQHandler                       0x0800015f   Thumb Code     0  startup_stm32f10x_hd.o(.text)
    I2C2_ER_IRQHandler                       0x0800015f   Thumb Code     0  startup_stm32f10x_hd.o(.text)
    I2C2_EV_IRQHandler                       0x0800015f   Thumb Code     0  startup_stm32f10x_hd.o(.text)
    PVD_IRQHandler                           0x0800015f   Thumb Code     0  startup_stm32f10x_hd.o(.text)
    RCC_IRQHandler                           0x0800015f   Thumb Code     0  startup_stm32f10x_hd.o(.text)
    RTCAlarm_IRQHandler                      0x0800015f   Thumb Code     0  startup_stm32f10x_hd.o(.text)
    RTC_IRQHandler                           0x0800015f   Thumb Code     0  startup_stm32f10x_hd.o(.text)
    SDIO_IRQHandler                          0x0800015f   Thumb Code     0  startup_stm32f10x_hd.o(.text)
    SPI1_IRQHandler                          0x0800015f   Thumb Code     0  startup_stm32f10x_hd.o(.text)
    SPI2_IRQHandler                          0x0800015f   Thumb Code     0  startup_stm32f10x_hd.o(.text)
    SPI3_IRQHandler                          0x0800015f   Thumb Code     0  startup_stm32f10x_hd.o(.text)
    TAMPER_IRQHandler                        0x0800015f   Thumb Code     0  startup_stm32f10x_hd.o(.text)
    TIM1_BRK_IRQHandler                      0x0800015f   Thumb Code     0  startup_stm32f10x_hd.o(.text)
    TIM1_CC_IRQHandler                       0x0800015f   Thumb Code     0  startup_stm32f10x_hd.o(.text)
    TIM1_TRG_COM_IRQHandler                  0x0800015f   Thumb Code     0  startup_stm32f10x_hd.o(.text)
    TIM1_UP_IRQHandler                       0x0800015f   Thumb Code     0  startup_stm32f10x_hd.o(.text)
    TIM3_IRQHandler                          0x0800015f   Thumb Code     0  startup_stm32f10x_hd.o(.text)
    TIM4_IRQHandler                          0x0800015f   Thumb Code     0  startup_stm32f10x_hd.o(.text)
    TIM5_IRQHandler                          0x0800015f   Thumb Code     0  startup_stm32f10x_hd.o(.text)
    TIM6_IRQHandler                          0x0800015f   Thumb Code     0  startup_stm32f10x_hd.o(.text)
    TIM7_IRQHandler                          0x0800015f   Thumb Code     0  startup_stm32f10x_hd.o(.text)
    TIM8_BRK_IRQHandler                      0x0800015f   Thumb Code     0  startup_stm32f10x_hd.o(.text)
    TIM8_CC_IRQHandler                       0x0800015f   Thumb Code     0  startup_stm32f10x_hd.o(.text)
    TIM8_TRG_COM_IRQHandler                  0x0800015f   Thumb Code     0  startup_stm32f10x_hd.o(.text)
    TIM8_UP_IRQHandler                       0x0800015f   Thumb Code     0  startup_stm32f10x_hd.o(.text)
    UART4_IRQHandler                         0x0800015f   Thumb Code     0  startup_stm32f10x_hd.o(.text)
    UART5_IRQHandler                         0x0800015f   Thumb Code     0  startup_stm32f10x_hd.o(.text)
    USART1_IRQHandler                        0x0800015f   Thumb Code     0  startup_stm32f10x_hd.o(.text)
    USART2_IRQHandler                        0x0800015f   Thumb Code     0  startup_stm32f10x_hd.o(.text)
    USART3_IRQHandler                        0x0800015f   Thumb Code     0  startup_stm32f10x_hd.o(.text)
    USBWakeUp_IRQHandler                     0x0800015f   Thumb Code     0  startup_stm32f10x_hd.o(.text)
    USB_HP_CAN1_TX_IRQHandler                0x0800015f   Thumb Code     0  startup_stm32f10x_hd.o(.text)
    USB_LP_CAN1_RX0_IRQHandler               0x0800015f   Thumb Code     0  startup_stm32f10x_hd.o(.text)
    WWDG_IRQHandler                          0x0800015f   Thumb Code     0  startup_stm32f10x_hd.o(.text)
    __aeabi_memset                           0x08000169   Thumb Code    14  memseta.o(.text)
    __aeabi_memset4                          0x08000169   Thumb Code     0  memseta.o(.text)
    __aeabi_memset8                          0x08000169   Thumb Code     0  memseta.o(.text)
    __aeabi_memclr                           0x08000177   Thumb Code     4  memseta.o(.text)
    __aeabi_memclr4                          0x08000177   Thumb Code     0  memseta.o(.text)
    __aeabi_memclr8                          0x08000177   Thumb Code     0  memseta.o(.text)
    _memset$wrapper                          0x0800017b   Thumb Code    18  memseta.o(.text)
    __aeabi_fadd                             0x0800018d   Thumb Code   164  fadd.o(.text)
    __aeabi_fsub                             0x08000231   Thumb Code     6  fadd.o(.text)
    __aeabi_frsub                            0x08000237   Thumb Code     6  fadd.o(.text)
    __aeabi_fmul                             0x0800023d   Thumb Code   100  fmul.o(.text)
    __aeabi_fdiv                             0x080002a1   Thumb Code   124  fdiv.o(.text)
    __aeabi_dadd                             0x0800031d   Thumb Code   322  dadd.o(.text)
    __aeabi_dsub                             0x0800045f   Thumb Code     6  dadd.o(.text)
    __aeabi_drsub                            0x08000465   Thumb Code     6  dadd.o(.text)
    __aeabi_dmul                             0x0800046b   Thumb Code   228  dmul.o(.text)
    __aeabi_ddiv                             0x0800054f   Thumb Code   222  ddiv.o(.text)
    __aeabi_i2f                              0x0800062d   Thumb Code    18  fflti.o(.text)
    __aeabi_f2d                              0x0800063f   Thumb Code    38  f2d.o(.text)
    __aeabi_d2f                              0x08000665   Thumb Code    56  d2f.o(.text)
    __aeabi_cfcmpeq                          0x0800069d   Thumb Code     0  cfcmple.o(.text)
    __aeabi_cfcmple                          0x0800069d   Thumb Code    20  cfcmple.o(.text)
    __aeabi_llsl                             0x080006b1   Thumb Code    30  llshl.o(.text)
    _ll_shift_l                              0x080006b1   Thumb Code     0  llshl.o(.text)
    __aeabi_lasr                             0x080006cf   Thumb Code    36  llsshr.o(.text)
    _ll_sshift_r                             0x080006cf   Thumb Code     0  llsshr.o(.text)
    __I$use$fp                               0x080006f3   Thumb Code     0  iusefp.o(.text)
    _float_round                             0x080006f3   Thumb Code    18  fepilogue.o(.text)
    _float_epilogue                          0x08000705   Thumb Code    92  fepilogue.o(.text)
    _double_round                            0x08000761   Thumb Code    30  depilogue.o(.text)
    _double_epilogue                         0x0800077f   Thumb Code   156  depilogue.o(.text)
    __ARM_scalbn                             0x0800081b   Thumb Code    46  dscalb.o(.text)
    scalbn                                   0x0800081b   Thumb Code     0  dscalb.o(.text)
    _dsqrt                                   0x08000849   Thumb Code   162  dsqrt.o(.text)
    __scatterload                            0x080008ed   Thumb Code    28  init.o(.text)
    __scatterload_rt2                        0x080008ed   Thumb Code     0  init.o(.text)
    __aeabi_llsr                             0x08000911   Thumb Code    32  llushr.o(.text)
    _ll_ushift_r                             0x08000911   Thumb Code     0  llushr.o(.text)
    AcclerationReturn                        0x08000931   Thumb Code    20  ahrs.o(i.AcclerationReturn)
    BusFault_Handler                         0x08000951   Thumb Code     4  stm32f10x_it.o(i.BusFault_Handler)
    DebugMon_Handler                         0x08000955   Thumb Code     2  stm32f10x_it.o(i.DebugMon_Handler)
    GPIO_Init                                0x08000957   Thumb Code   278  stm32f10x_gpio.o(i.GPIO_Init)
    GPIO_PinRemapConfig                      0x08000a6d   Thumb Code   138  stm32f10x_gpio.o(i.GPIO_PinRemapConfig)
    GPIO_SetBits                             0x08000afd   Thumb Code     4  stm32f10x_gpio.o(i.GPIO_SetBits)
    HardFault_Handler                        0x08000b01   Thumb Code     4  stm32f10x_it.o(i.HardFault_Handler)
    IMU_AHRSupdate                           0x08000b05   Thumb Code  1840  ahrs.o(i.IMU_AHRSupdate)
    IMU_getQ                                 0x08001259   Thumb Code   116  ahrs.o(i.IMU_getQ)
    IMU_getYawPitchRoll                      0x08001301   Thumb Code   466  ahrs.o(i.IMU_getYawPitchRoll)
    INS_Update                               0x080014dd   Thumb Code  1618  ins.o(i.INS_Update)
    Init_AK8963                              0x08001b39   Thumb Code   328  mpu92xx.o(i.Init_AK8963)
    LED0_OFF                                 0x08001c85   Thumb Code     8  led.o(i.LED0_OFF)
    LED0_ON                                  0x08001c91   Thumb Code     8  led.o(i.LED0_ON)
    LED_Init                                 0x08001c9d   Thumb Code    50  led.o(i.LED_Init)
    MPU9250_DataSolve                        0x08001cd5   Thumb Code   628  mpu92xx.o(i.MPU9250_DataSolve)
    MPU9250_Init                             0x08001f75   Thumb Code   156  mpu92xx.o(i.MPU9250_Init)
    MPU9250_ReadValue                        0x08002011   Thumb Code   504  mpu92xx.o(i.MPU9250_ReadValue)
    MemManage_Handler                        0x08002215   Thumb Code     4  stm32f10x_it.o(i.MemManage_Handler)
    MoveFilter                               0x08002219   Thumb Code    78  mpu92xx.o(i.MoveFilter)
    NMI_Handler                              0x08002267   Thumb Code     2  stm32f10x_it.o(i.NMI_Handler)
    NVIC_Init                                0x08002269   Thumb Code   100  misc.o(i.NVIC_Init)
    NVIC_PriorityGroupConfig                 0x080022d9   Thumb Code    10  misc.o(i.NVIC_PriorityGroupConfig)
    PendSV_Handler                           0x080022ed   Thumb Code     2  stm32f10x_it.o(i.PendSV_Handler)
    QuaterionReturn                          0x080022f1   Thumb Code     4  ahrs.o(i.QuaterionReturn)
    RCC_APB1PeriphClockCmd                   0x080022f9   Thumb Code    26  stm32f10x_rcc.o(i.RCC_APB1PeriphClockCmd)
    RCC_APB2PeriphClockCmd                   0x08002319   Thumb Code    26  stm32f10x_rcc.o(i.RCC_APB2PeriphClockCmd)
    SPI1_Init                                0x08002339   Thumb Code   140  spi.o(i.SPI1_Init)
    SPI1_ReadOneByte                         0x080023d1   Thumb Code    40  spi.o(i.SPI1_ReadOneByte)
    SPI1_ReadWriteByte                       0x08002401   Thumb Code    78  spi.o(i.SPI1_ReadWriteByte)
    SPI1_ReadmultiyBytes                     0x08002455   Thumb Code    58  spi.o(i.SPI1_ReadmultiyBytes)
    SPI1_WriteOneByte                        0x08002495   Thumb Code    42  spi.o(i.SPI1_WriteOneByte)
    SPI_Cmd                                  0x080024c9   Thumb Code    24  stm32f10x_spi.o(i.SPI_Cmd)
    SPI_I2S_GetFlagStatus                    0x080024e1   Thumb Code    18  stm32f10x_spi.o(i.SPI_I2S_GetFlagStatus)
    SPI_I2S_ReceiveData                      0x080024f3   Thumb Code     6  stm32f10x_spi.o(i.SPI_I2S_ReceiveData)
    SPI_I2S_SendData                         0x080024f9   Thumb Code     4  stm32f10x_spi.o(i.SPI_I2S_SendData)
    SPI_Init                                 0x080024fd   Thumb Code    60  stm32f10x_spi.o(i.SPI_Init)
    SVC_Handler                              0x08002539   Thumb Code     2  stm32f10x_it.o(i.SVC_Handler)
    SYS_Timer2_Configuration                 0x0800253b   Thumb Code   104  timer.o(i.SYS_Timer2_Configuration)
    SysTick_CLKSourceConfig                  0x0800268d   Thumb Code    40  misc.o(i.SysTick_CLKSourceConfig)
    SysTick_Handler                          0x080026b5   Thumb Code     2  stm32f10x_it.o(i.SysTick_Handler)
    SystemInit                               0x080026b9   Thumb Code    78  system_stm32f10x.o(i.SystemInit)
    TIM2_IRQHandler                          0x08002719   Thumb Code    32  timer.o(i.TIM2_IRQHandler)
    TIM_ClearFlag                            0x0800273d   Thumb Code     6  stm32f10x_tim.o(i.TIM_ClearFlag)
    TIM_ClearITPendingBit                    0x08002743   Thumb Code     6  stm32f10x_tim.o(i.TIM_ClearITPendingBit)
    TIM_Cmd                                  0x08002749   Thumb Code    24  stm32f10x_tim.o(i.TIM_Cmd)
    TIM_GetITStatus                          0x08002761   Thumb Code    34  stm32f10x_tim.o(i.TIM_GetITStatus)
    TIM_ITConfig                             0x08002783   Thumb Code    18  stm32f10x_tim.o(i.TIM_ITConfig)
    TIM_TimeBaseInit                         0x08002795   Thumb Code   122  stm32f10x_tim.o(i.TIM_TimeBaseInit)
    UsageFault_Handler                       0x08002839   Thumb Code     4  stm32f10x_it.o(i.UsageFault_Handler)
    __ARM_fpclassify                         0x0800283d   Thumb Code    40  fpclassify.o(i.__ARM_fpclassify)
    __kernel_poly                            0x08002865   Thumb Code   170  poly.o(i.__kernel_poly)
    __mathlib_dbl_infnan                     0x0800290f   Thumb Code     6  dunder.o(i.__mathlib_dbl_infnan)
    __mathlib_dbl_infnan2                    0x08002915   Thumb Code     4  dunder.o(i.__mathlib_dbl_infnan2)
    __mathlib_dbl_invalid                    0x08002919   Thumb Code    12  dunder.o(i.__mathlib_dbl_invalid)
    __mathlib_dbl_underflow                  0x08002925   Thumb Code    10  dunder.o(i.__mathlib_dbl_underflow)
    __scatterload_copy                       0x08002935   Thumb Code    14  handlers.o(i.__scatterload_copy)
    __scatterload_null                       0x08002943   Thumb Code     2  handlers.o(i.__scatterload_null)
    __scatterload_zeroinit                   0x08002945   Thumb Code    14  handlers.o(i.__scatterload_zeroinit)
    __set_errno                              0x08002955   Thumb Code     6  errno.o(i.__set_errno)
    asin                                     0x08002961   Thumb Code   572  asin.o(i.asin)
    atan                                     0x08002bd1   Thumb Code   474  atan.o(i.atan)
    atan2                                    0x08002df1   Thumb Code   346  atan2.o(i.atan2)
    delay_init                               0x08002f71   Thumb Code    50  delay.o(i.delay_init)
    delay_ms                                 0x08002fb5   Thumb Code    72  delay.o(i.delay_ms)
    delay_us                                 0x08003001   Thumb Code    72  delay.o(i.delay_us)
    invSqrt                                  0x0800304d   Thumb Code    72  ahrs.o(i.invSqrt)
    main                                     0x08003099   Thumb Code   124  main.o(i.main)
    sqrt                                     0x0800312d   Thumb Code    76  sqrt.o(i.sqrt)
    __mathlib_zero                           0x08003260   Data           8  qnan.o(.constdata)
    Region$$Table$$Base                      0x08003268   Number         0  anon$$obj.o(Region$$Table)
    Region$$Table$$Limit                     0x08003288   Number         0  anon$$obj.o(Region$$Table)
    exInt                                    0x20000010   Data           4  ahrs.o(.data)
    eyInt                                    0x20000014   Data           4  ahrs.o(.data)
    ezInt                                    0x20000018   Data           4  ahrs.o(.data)
    q0                                       0x2000001c   Data           4  ahrs.o(.data)
    q1                                       0x20000020   Data           4  ahrs.o(.data)
    q2                                       0x20000024   Data           4  ahrs.o(.data)
    q3                                       0x20000028   Data           4  ahrs.o(.data)
    GX                                       0x2000002c   Data           4  ahrs.o(.data)
    GY                                       0x20000030   Data           4  ahrs.o(.data)
    GZ                                       0x20000034   Data           4  ahrs.o(.data)
    AX                                       0x20000038   Data           4  ahrs.o(.data)
    AY                                       0x2000003c   Data           4  ahrs.o(.data)
    AZ                                       0x20000040   Data           4  ahrs.o(.data)
    MX                                       0x20000044   Data           4  ahrs.o(.data)
    MY                                       0x20000048   Data           4  ahrs.o(.data)
    MZ                                       0x2000004c   Data           4  ahrs.o(.data)
    system_tim_flag                          0x20000050   Data           1  main.o(.data)
    system_runcnt                            0x20000054   Data           4  main.o(.data)
    SystemCoreClock                          0x20000058   Data           4  system_stm32f10x.o(.data)
    AHBPrescTable                            0x2000005c   Data          16  system_stm32f10x.o(.data)
    MPU92XXDATACALFLAG                       0x2000006c   Data           1  mpu92xx.o(.data)
    MPU92XXMAGCALFLAG                        0x2000006d   Data           1  mpu92xx.o(.data)
    MPU9250_AK8963_ASA                       0x2000006e   Data           6  mpu92xx.o(.data)
    INS_Estimate                             0x200000a8   Data          80  ins.o(.bss)
    q                                        0x200000f8   Data          16  ahrs.o(.bss)
    angle                                    0x20000108   Data          12  ahrs.o(.bss)
    Mpu92xxRawData                           0x20000114   Data          20  mpu92xx.o(.bss)
    Mpu92xxCalData                           0x20000128   Data          30  mpu92xx.o(.bss)
    AccMovefilter                            0x20000148   Data          84  mpu92xx.o(.bss)
    GyroMovefilter                           0x2000019c   Data          84  mpu92xx.o(.bss)
    MagMovefilter                            0x200001f0   Data          84  mpu92xx.o(.bss)
    SPI_InitStructure                        0x2000025c   Data          18  spi.o(.bss)
    __initial_sp                             0x20000670   Data           0  startup_stm32f10x_hd.o(STACK)



==============================================================================

Memory Map of the image

  Image Entry point : 0x08000131

  Load Region LR_IROM1 (Base: 0x08000000, Size: 0x00003308, Max: 0x00040000, ABSOLUTE)

    Execution Region ER_IROM1 (Base: 0x08000000, Size: 0x00003288, Max: 0x00040000, ABSOLUTE)

    Base Addr    Size         Type   Attr      Idx    E Section Name        Object

    0x08000000   0x00000130   Data   RO          572    RESET               startup_stm32f10x_hd.o
    0x08000130   0x00000000   Code   RO         1825  * .ARM.Collect$$$$00000000  mc_w.l(entry.o)
    0x08000130   0x00000004   Code   RO         1879    .ARM.Collect$$$$00000001  mc_w.l(entry2.o)
    0x08000134   0x00000004   Code   RO         1882    .ARM.Collect$$$$00000004  mc_w.l(entry5.o)
    0x08000138   0x00000000   Code   RO         1884    .ARM.Collect$$$$00000008  mc_w.l(entry7b.o)
    0x08000138   0x00000000   Code   RO         1886    .ARM.Collect$$$$0000000A  mc_w.l(entry8b.o)
    0x08000138   0x00000008   Code   RO         1887    .ARM.Collect$$$$0000000B  mc_w.l(entry9a.o)
    0x08000140   0x00000000   Code   RO         1889    .ARM.Collect$$$$0000000D  mc_w.l(entry10a.o)
    0x08000140   0x00000000   Code   RO         1891    .ARM.Collect$$$$0000000F  mc_w.l(entry11a.o)
    0x08000140   0x00000004   Code   RO         1880    .ARM.Collect$$$$00002712  mc_w.l(entry2.o)
    0x08000144   0x00000024   Code   RO          573    .text               startup_stm32f10x_hd.o
    0x08000168   0x00000024   Code   RO         1828    .text               mc_w.l(memseta.o)
    0x0800018c   0x000000b0   Code   RO         1830    .text               mf_w.l(fadd.o)
    0x0800023c   0x00000064   Code   RO         1832    .text               mf_w.l(fmul.o)
    0x080002a0   0x0000007c   Code   RO         1834    .text               mf_w.l(fdiv.o)
    0x0800031c   0x0000014e   Code   RO         1836    .text               mf_w.l(dadd.o)
    0x0800046a   0x000000e4   Code   RO         1838    .text               mf_w.l(dmul.o)
    0x0800054e   0x000000de   Code   RO         1840    .text               mf_w.l(ddiv.o)
    0x0800062c   0x00000012   Code   RO         1842    .text               mf_w.l(fflti.o)
    0x0800063e   0x00000026   Code   RO         1844    .text               mf_w.l(f2d.o)
    0x08000664   0x00000038   Code   RO         1846    .text               mf_w.l(d2f.o)
    0x0800069c   0x00000014   Code   RO         1848    .text               mf_w.l(cfcmple.o)
    0x080006b0   0x0000001e   Code   RO         1893    .text               mc_w.l(llshl.o)
    0x080006ce   0x00000024   Code   RO         1895    .text               mc_w.l(llsshr.o)
    0x080006f2   0x00000000   Code   RO         1904    .text               mc_w.l(iusefp.o)
    0x080006f2   0x0000006e   Code   RO         1905    .text               mf_w.l(fepilogue.o)
    0x08000760   0x000000ba   Code   RO         1907    .text               mf_w.l(depilogue.o)
    0x0800081a   0x0000002e   Code   RO         1909    .text               mf_w.l(dscalb.o)
    0x08000848   0x000000a2   Code   RO         1911    .text               mf_w.l(dsqrt.o)
    0x080008ea   0x00000002   PAD
    0x080008ec   0x00000024   Code   RO         1915    .text               mc_w.l(init.o)
    0x08000910   0x00000020   Code   RO         1917    .text               mc_w.l(llushr.o)
    0x08000930   0x00000020   Code   RO           26    i.AcclerationReturn  ahrs.o
    0x08000950   0x00000004   Code   RO          162    i.BusFault_Handler  stm32f10x_it.o
    0x08000954   0x00000002   Code   RO          163    i.DebugMon_Handler  stm32f10x_it.o
    0x08000956   0x00000116   Code   RO          619    i.GPIO_Init         stm32f10x_gpio.o
    0x08000a6c   0x00000090   Code   RO          621    i.GPIO_PinRemapConfig  stm32f10x_gpio.o
    0x08000afc   0x00000004   Code   RO          627    i.GPIO_SetBits      stm32f10x_gpio.o
    0x08000b00   0x00000004   Code   RO          164    i.HardFault_Handler  stm32f10x_it.o
    0x08000b04   0x00000754   Code   RO           27    i.IMU_AHRSupdate    ahrs.o
    0x08001258   0x000000a8   Code   RO           28    i.IMU_getQ          ahrs.o
    0x08001300   0x000001dc   Code   RO           29    i.IMU_getYawPitchRoll  ahrs.o
    0x080014dc   0x0000065c   Code   RO            1    i.INS_Update        ins.o
    0x08001b38   0x0000014c   Code   RO          372    i.Init_AK8963       mpu92xx.o
    0x08001c84   0x0000000c   Code   RO          348    i.LED0_OFF          led.o
    0x08001c90   0x0000000c   Code   RO          349    i.LED0_ON           led.o
    0x08001c9c   0x00000038   Code   RO          350    i.LED_Init          led.o
    0x08001cd4   0x000002a0   Code   RO          373    i.MPU9250_DataSolve  mpu92xx.o
    0x08001f74   0x0000009c   Code   RO          374    i.MPU9250_Init      mpu92xx.o
    0x08002010   0x00000204   Code   RO          375    i.MPU9250_ReadValue  mpu92xx.o
    0x08002214   0x00000004   Code   RO          165    i.MemManage_Handler  stm32f10x_it.o
    0x08002218   0x0000004e   Code   RO          376    i.MoveFilter        mpu92xx.o
    0x08002266   0x00000002   Code   RO          166    i.NMI_Handler       stm32f10x_it.o
    0x08002268   0x00000070   Code   RO          577    i.NVIC_Init         misc.o
    0x080022d8   0x00000014   Code   RO          578    i.NVIC_PriorityGroupConfig  misc.o
    0x080022ec   0x00000002   Code   RO          167    i.PendSV_Handler    stm32f10x_it.o
    0x080022ee   0x00000002   PAD
    0x080022f0   0x00000008   Code   RO           30    i.QuaterionReturn   ahrs.o
    0x080022f8   0x00000020   Code   RO          873    i.RCC_APB1PeriphClockCmd  stm32f10x_rcc.o
    0x08002318   0x00000020   Code   RO          875    i.RCC_APB2PeriphClockCmd  stm32f10x_rcc.o
    0x08002338   0x00000098   Code   RO          416    i.SPI1_Init         spi.o
    0x080023d0   0x00000030   Code   RO          417    i.SPI1_ReadOneByte  spi.o
    0x08002400   0x00000054   Code   RO          418    i.SPI1_ReadWriteByte  spi.o
    0x08002454   0x00000040   Code   RO          419    i.SPI1_ReadmultiyBytes  spi.o
    0x08002494   0x00000034   Code   RO          420    i.SPI1_WriteOneByte  spi.o
    0x080024c8   0x00000018   Code   RO          732    i.SPI_Cmd           stm32f10x_spi.o
    0x080024e0   0x00000012   Code   RO          740    i.SPI_I2S_GetFlagStatus  stm32f10x_spi.o
    0x080024f2   0x00000006   Code   RO          743    i.SPI_I2S_ReceiveData  stm32f10x_spi.o
    0x080024f8   0x00000004   Code   RO          744    i.SPI_I2S_SendData  stm32f10x_spi.o
    0x080024fc   0x0000003c   Code   RO          745    i.SPI_Init          stm32f10x_spi.o
    0x08002538   0x00000002   Code   RO          168    i.SVC_Handler       stm32f10x_it.o
    0x0800253a   0x00000068   Code   RO          467    i.SYS_Timer2_Configuration  timer.o
    0x080025a2   0x00000008   Code   RO          242    i.SetSysClock       system_stm32f10x.o
    0x080025aa   0x00000002   PAD
    0x080025ac   0x000000e0   Code   RO          243    i.SetSysClockTo72   system_stm32f10x.o
    0x0800268c   0x00000028   Code   RO          581    i.SysTick_CLKSourceConfig  misc.o
    0x080026b4   0x00000002   Code   RO          169    i.SysTick_Handler   stm32f10x_it.o
    0x080026b6   0x00000002   PAD
    0x080026b8   0x00000060   Code   RO          245    i.SystemInit        system_stm32f10x.o
    0x08002718   0x00000024   Code   RO          468    i.TIM2_IRQHandler   timer.o
    0x0800273c   0x00000006   Code   RO         1261    i.TIM_ClearFlag     stm32f10x_tim.o
    0x08002742   0x00000006   Code   RO         1262    i.TIM_ClearITPendingBit  stm32f10x_tim.o
    0x08002748   0x00000018   Code   RO         1267    i.TIM_Cmd           stm32f10x_tim.o
    0x08002760   0x00000022   Code   RO         1288    i.TIM_GetITStatus   stm32f10x_tim.o
    0x08002782   0x00000012   Code   RO         1292    i.TIM_ITConfig      stm32f10x_tim.o
    0x08002794   0x000000a4   Code   RO         1338    i.TIM_TimeBaseInit  stm32f10x_tim.o
    0x08002838   0x00000004   Code   RO          170    i.UsageFault_Handler  stm32f10x_it.o
    0x0800283c   0x00000028   Code   RO         1874    i.__ARM_fpclassify  m_ws.l(fpclassify.o)
    0x08002864   0x000000aa   Code   RO         1876    i.__kernel_poly     m_ws.l(poly.o)
    0x0800290e   0x00000006   Code   RO         1861    i.__mathlib_dbl_infnan  m_ws.l(dunder.o)
    0x08002914   0x00000004   Code   RO         1862    i.__mathlib_dbl_infnan2  m_ws.l(dunder.o)
    0x08002918   0x0000000c   Code   RO         1863    i.__mathlib_dbl_invalid  m_ws.l(dunder.o)
    0x08002924   0x00000010   Code   RO         1866    i.__mathlib_dbl_underflow  m_ws.l(dunder.o)
    0x08002934   0x0000000e   Code   RO         1921    i.__scatterload_copy  mc_w.l(handlers.o)
    0x08002942   0x00000002   Code   RO         1922    i.__scatterload_null  mc_w.l(handlers.o)
    0x08002944   0x0000000e   Code   RO         1923    i.__scatterload_zeroinit  mc_w.l(handlers.o)
    0x08002952   0x00000002   PAD
    0x08002954   0x0000000c   Code   RO         1899    i.__set_errno       mc_w.l(errno.o)
    0x08002960   0x00000270   Code   RO         1800    i.asin              m_ws.l(asin.o)
    0x08002bd0   0x00000220   Code   RO         1851    i.atan              m_ws.l(atan.o)
    0x08002df0   0x00000180   Code   RO         1810    i.atan2             m_ws.l(atan2.o)
    0x08002f70   0x00000044   Code   RO          486    i.delay_init        delay.o
    0x08002fb4   0x0000004c   Code   RO          487    i.delay_ms          delay.o
    0x08003000   0x0000004c   Code   RO          488    i.delay_us          delay.o
    0x0800304c   0x0000004c   Code   RO           31    i.invSqrt           ahrs.o
    0x08003098   0x00000094   Code   RO          138    i.main              main.o
    0x0800312c   0x0000004c   Code   RO         1818    i.sqrt              m_ws.l(sqrt.o)
    0x08003178   0x00000050   Data   RO         1801    .constdata          m_ws.l(asin.o)
    0x080031c8   0x00000098   Data   RO         1852    .constdata          m_ws.l(atan.o)
    0x08003260   0x00000008   Data   RO         1878    .constdata          m_ws.l(qnan.o)
    0x08003268   0x00000020   Data   RO         1919    Region$$Table       anon$$obj.o


    Execution Region RW_IRAM1 (Base: 0x20000000, Size: 0x00000670, Max: 0x0000c000, ABSOLUTE)

    Base Addr    Size         Type   Attr      Idx    E Section Name        Object

    0x20000000   0x00000010   Data   RW            3    .data               ins.o
    0x20000010   0x00000040   Data   RW           33    .data               ahrs.o
    0x20000050   0x00000008   Data   RW          139    .data               main.o
    0x20000058   0x00000014   Data   RW          246    .data               system_stm32f10x.o
    0x2000006c   0x00000009   Data   RW          379    .data               mpu92xx.o
    0x20000075   0x00000001   PAD
    0x20000076   0x00000004   Data   RW          489    .data               delay.o
    0x2000007a   0x00000002   PAD
    0x2000007c   0x00000004   Data   RW         1900    .data               mc_w.l(errno.o)
    0x20000080   0x00000078   Zero   RW            2    .bss                ins.o
    0x200000f8   0x0000001c   Zero   RW           32    .bss                ahrs.o
    0x20000114   0x00000148   Zero   RW          377    .bss                mpu92xx.o
    0x2000025c   0x00000012   Zero   RW          423    .bss                spi.o
    0x2000026e   0x00000002   PAD
    0x20000270   0x00000400   Zero   RW          570    STACK               startup_stm32f10x_hd.o


==============================================================================

Image component sizes


      Code (inc. data)   RO Data    RW Data    ZI Data      Debug   Object Name

      2636        134          0         64         28     248941   ahrs.o
         0          0          0          0          0         32   core_cm3.o
       220         26          0          4          0       1799   delay.o
      1628         34          0         16        120       3340   ins.o
        80         14          0          0          0       1376   led.o
       148         24          0          8          0        799   main.o
       172         22          0          0          0       2137   misc.o
      1754         60          0          9        328       7854   mpu92xx.o
       400         42          0          0         18       3879   spi.o
        36          8        304          0       1024        808   startup_stm32f10x_hd.o
       426          6          0          0          0       3417   stm32f10x_gpio.o
        26          0          0          0          0       3882   stm32f10x_it.o
        64         12          0          0          0       1178   stm32f10x_rcc.o
       112          0          0          0          0       3950   stm32f10x_spi.o
       252         42          0          0          0       4226   stm32f10x_tim.o
       328         28          0         20          0       2185   system_stm32f10x.o
       140          4          0          0          0       1177   timer.o

    ----------------------------------------------------------------------
      8428        456        336        124       1520     290980   Object Totals
         0          0         32          0          0          0   (incl. Generated)
         6          0          0          3          2          0   (incl. Padding)

    ----------------------------------------------------------------------

      Code (inc. data)   RO Data    RW Data    ZI Data      Debug   Library Member Name

       624         52         80          0          0        168   asin.o
       544         70        152          0          0        124   atan.o
       384         38          0          0          0        144   atan2.o
        38          6          0          0          0        272   dunder.o
        40          0          0          0          0         68   fpclassify.o
       170          0          0          0          0         96   poly.o
         0          0          8          0          0          0   qnan.o
        76          0          0          0          0         84   sqrt.o
         0          0          0          0          0          0   entry.o
         0          0          0          0          0          0   entry10a.o
         0          0          0          0          0          0   entry11a.o
         8          4          0          0          0          0   entry2.o
         4          0          0          0          0          0   entry5.o
         0          0          0          0          0          0   entry7b.o
         0          0          0          0          0          0   entry8b.o
         8          4          0          0          0          0   entry9a.o
        12          6          0          4          0         68   errno.o
        30          0          0          0          0          0   handlers.o
        36          8          0          0          0         68   init.o
         0          0          0          0          0          0   iusefp.o
        30          0          0          0          0         68   llshl.o
        36          0          0          0          0         68   llsshr.o
        32          0          0          0          0         68   llushr.o
        36          0          0          0          0        108   memseta.o
        20          0          0          0          0         68   cfcmple.o
        56          0          0          0          0         88   d2f.o
       334          0          0          0          0        148   dadd.o
       222          0          0          0          0        100   ddiv.o
       186          0          0          0          0        176   depilogue.o
       228          0          0          0          0         96   dmul.o
        46          0          0          0          0         80   dscalb.o
       162          0          0          0          0        100   dsqrt.o
        38          0          0          0          0         68   f2d.o
       176          0          0          0          0        140   fadd.o
       124          0          0          0          0         88   fdiv.o
       110          0          0          0          0        168   fepilogue.o
        18          0          0          0          0         68   fflti.o
       100          0          0          0          0         76   fmul.o

    ----------------------------------------------------------------------
      3932        188        240          4          0       2868   Library Totals
         4          0          0          0          0          0   (incl. Padding)

    ----------------------------------------------------------------------

      Code (inc. data)   RO Data    RW Data    ZI Data      Debug   Library Name

      1876        166        240          0          0        956   m_ws.l
       232         22          0          4          0        448   mc_w.l
      1820          0          0          0          0       1464   mf_w.l

    ----------------------------------------------------------------------
      3932        188        240          4          0       2868   Library Totals

    ----------------------------------------------------------------------

==============================================================================


      Code (inc. data)   RO Data    RW Data    ZI Data      Debug   

     12360        644        576        128       1520     289840   Grand Totals
     12360        644        576        128       1520     289840   ELF Image Totals
     12360        644        576        128          0          0   ROM Totals

==============================================================================

    Total RO  Size (Code + RO Data)                12936 (  12.63kB)
    Total RW  Size (RW Data + ZI Data)              1648 (   1.61kB)
    Total ROM Size (Code + RO Data + RW Data)      13064 (  12.76kB)

==============================================================================

