<html>
<body>
<pre>
<h1>µVision Build Log</h1>
<h2>Tool Versions:</h2>
IDE-Version: ¦ÌVision V5.17.0.0
Copyright (C) 2015 ARM Ltd and ARM Germany GmbH. All rights reserved.
License Information: bill lena, lenacopy, LIC=9N0Z9-4MN8J-YB0E9-4SYYT-9LM26-X7CQP
 
Tool Versions:
Toolchain:       MDK-ARM Professional  Version: 5.17
Toolchain Path:  C:\Keil_v5\ARM\ARMCC\Bin
C Compiler:      Armcc.exe V5.06 update 1 (build 61)
Assembler:       Armasm.exe V5.06 update 1 (build 61)
Linker/Locator:  ArmLink.exe V5.06 update 1 (build 61)
Library Manager: ArmAr.exe V5.06 update 1 (build 61)
Hex Converter:   FromElf.exe V5.06 update 1 (build 61)
CPU DLL:         SARMCM3.DLL V5.17
Dialog DLL:      DCM.DLL V1.13.4.0
Target DLL:      Segger\JL2CM3.dll V2.99.16.0
Dialog DLL:      TCM.DLL V1.14.6.0
 
<h2>Project:</h2>
F:\ËÄÖá·ÉÐÐÆ÷\ËÄÖá·ÉÐÐÆ÷DIY\copterinmb\Airmouse\¿ÕÊó - V1\USER\AIRMOUSE.uvprojx
Project File Date:  04/09/2017

<h2>Output:</h2>
*** Using Compiler 'V5.06 update 1 (build 61)', folder: 'C:\Keil_v5\ARM\ARMCC\Bin'
Build target 'TARGET'
compiling globalvariable.c...
compiling main.c...
compiling stm32f10x_it.c...
compiling system_stm32f10x.c...
compiling IMU.c...
compiling ins.c...
compiling Data_Tramsfer.c...
..\CONTROL\Data_Tramsfer.c(18): warning:  #550-D: variable "buf_1"  was set but never used
        float buf_1=0.0,buf_2=0.0,buf_3=0.0;
..\CONTROL\Data_Tramsfer.c(18): warning:  #550-D: variable "buf_2"  was set but never used
        float buf_1=0.0,buf_2=0.0,buf_3=0.0;
..\CONTROL\Data_Tramsfer.c(18): warning:  #550-D: variable "buf_3"  was set but never used
        float buf_1=0.0,buf_2=0.0,buf_3=0.0;
..\CONTROL\Data_Tramsfer.c(20): warning:  #550-D: variable "buf_4"  was set but never used
        float buf_4=0,buf_5=0,buf_6=0;
..\CONTROL\Data_Tramsfer.c(20): warning:  #550-D: variable "buf_5"  was set but never used
        float buf_4=0,buf_5=0,buf_6=0;
..\CONTROL\Data_Tramsfer.c(20): warning:  #550-D: variable "buf_6"  was set but never used
        float buf_4=0,buf_5=0,buf_6=0;
..\CONTROL\Data_Tramsfer.c: 6 warnings, 0 errors
compiling detectdog.c...
compiling ramp.c...
compiling pid_regulator.c...
compiling bsp.c...
compiling timer.c...
compiling MPU6050.c...
compiling myiic.c...
compiling led.c...
compiling stmflash.c...
compiling FastMath.c...
compiling misc.c...
compiling stm32f10x_dma.c...
compiling stm32f10x_gpio.c...
compiling stm32f10x_rcc.c...
compiling stm32f10x_spi.c...
compiling stm32f10x_tim.c...
compiling stm32f10x_usart.c...
compiling stm32f10x_exti.c...
compiling stm32f10x_flash.c...
compiling delay.c...
compiling sys.c...
compiling usart.c...
compiling core_cm3.c...
assembling startup_stm32f10x_hd.s...
linking...
Program Size: Code=14180 RO-data=2404 RW-data=272 ZI-data=3504  
FromELF: creating hex file...
".\Objects\AIRMOUSE.axf" - 0 Error(s), 6 Warning(s).

<h2>Collection of Component include folders:</h2>
  F:\ËÄÖá·ÉÐÐÆ÷\ËÄÖá·ÉÐÐÆ÷DIY\copterinmb\Airmouse\¿ÕÊó - V1\USER\RTE
  C:\Keil_v5\ARM\PACK\Keil\STM32F1xx_DFP\1.0.4\Device\Include

<h2>Collection of Component Files used:</h2>
Build Time Elapsed:  00:00:40
</pre>
</body>
</html>
